../Core/Src/main.c:82:5:main	8	static
../Core/Src/main.c:136:6:SystemClock_Config	88	static
../Core/Src/main.c:182:13:MX_I2C1_Init	8	static
../Core/Src/main.c:216:13:MX_TIM6_Init	16	static
../Core/Src/main.c:254:13:MX_TIM7_Init	16	static
../Core/Src/main.c:292:13:MX_USART2_UART_Init	8	static
../Core/Src/main.c:325:13:MX_GPIO_Init	48	static
../Core/Src/main.c:375:6:tx_json_data	160	static
../Core/Src/main.c:386:6:HAL_TIM_PeriodElapsedCallback	16	static
../Core/Src/main.c:397:6:HAL_GPIO_EXTI_Callback	16	static
../Core/Src/main.c:411:6:Error_Handler	4	static,ignoring_inline_asm
