12:22:25 **** Incremental Build of configuration Debug for project 001BasicHomeAutomation ****
make -j4 all 
arm-none-eabi-gcc "../Core/Src/main.c" -mcpu=cortex-m4 -std=gnu11 -g3 -DDEBUG -DUSE_HAL_DRIVER -DSTM32F407xx -c -I../Core/Inc -I../Drivers/STM32F4xx_HAL_Driver/Inc -I../Drivers/STM32F4xx_HAL_Driver/Inc/Legacy -I../Drivers/CMSIS/Device/ST/STM32F4xx/Include -I../Drivers/CMSIS/Include -O0 -ffunction-sections -fdata-sections -Wall -fstack-usage -fcyclomatic-complexity -MMD -MP -MF"Core/Src/main.d" -MT"Core/Src/main.o" --specs=nano.specs -mfpu=fpv4-sp-d16 -mfloat-abi=hard -mthumb -o "Core/Src/main.o"
arm-none-eabi-gcc -o "001BasicHomeAutomation.elf" @"objects.list"   -mcpu=cortex-m4 -T"C:\Users\LENOVO\Desktop\STM32-ESP32 Combined Projects\001BasicHomeAutomation\STM32F407VGTX_FLASH.ld" --specs=nosys.specs -Wl,-Map="001BasicHomeAutomation.map" -Wl,--gc-sections -static --specs=nano.specs -mfpu=fpv4-sp-d16 -mfloat-abi=hard -mthumb -u _printf_float -Wl,--start-group -lc -lm -Wl,--end-group
Finished building target: 001BasicHomeAutomation.elf
 
arm-none-eabi-size   001BasicHomeAutomation.elf 
arm-none-eabi-objdump -h -S  001BasicHomeAutomation.elf  > "001BasicHomeAutomation.list"
   text	   data	    bss	    dec	    hex	filename
 224352	    500	  18876	 243728	  3b810	001BasicHomeAutomation.elf
Finished building: default.size.stdout
 
Finished building: 001BasicHomeAutomation.list
 

12:22:26 Build Finished. 0 errors, 0 warnings. (took 1s.402ms)

