11:34:00 **** Build of configuration Debug for project weather_measurement ****
make -j4 all 
arm-none-eabi-gcc "../Drivers/STM32F4xx_HAL_Driver/Src/stm32f4xx_hal.c" -mcpu=cortex-m4 -std=gnu11 -g3 -DDEBUG -DUSE_HAL_DRIVER -DSTM32F407xx -c -I../Core/Inc -I../Drivers/STM32F4xx_HAL_Driver/Inc -I../Drivers/STM32F4xx_HAL_Driver/Inc/Legacy -I../Drivers/CMSIS/Device/ST/STM32F4xx/Include -I../Drivers/CMSIS/Include -O0 -ffunction-sections -fdata-sections -Wall -fstack-usage -fcyclomatic-complexity -MMD -MP -MF"Drivers/STM32F4xx_HAL_Driver/Src/stm32f4xx_hal.d" -MT"Drivers/STM32F4xx_HAL_Driver/Src/stm32f4xx_hal.o" --specs=nano.specs -mfpu=fpv4-sp-d16 -mfloat-abi=hard -mthumb -o "Drivers/STM32F4xx_HAL_Driver/Src/stm32f4xx_hal.o"
arm-none-eabi-gcc "../Drivers/STM32F4xx_HAL_Driver/Src/stm32f4xx_hal_cortex.c" -mcpu=cortex-m4 -std=gnu11 -g3 -DDEBUG -DUSE_HAL_DRIVER -DSTM32F407xx -c -I../Core/Inc -I../Drivers/STM32F4xx_HAL_Driver/Inc -I../Drivers/STM32F4xx_HAL_Driver/Inc/Legacy -I../Drivers/CMSIS/Device/ST/STM32F4xx/Include -I../Drivers/CMSIS/Include -O0 -ffunction-sections -fdata-sections -Wall -fstack-usage -fcyclomatic-complexity -MMD -MP -MF"Drivers/STM32F4xx_HAL_Driver/Src/stm32f4xx_hal_cortex.d" -MT"Drivers/STM32F4xx_HAL_Driver/Src/stm32f4xx_hal_cortex.o" --specs=nano.specs -mfpu=fpv4-sp-d16 -mfloat-abi=hard -mthumb -o "Drivers/STM32F4xx_HAL_Driver/Src/stm32f4xx_hal_cortex.o"
arm-none-eabi-gcc "../Drivers/STM32F4xx_HAL_Driver/Src/stm32f4xx_hal_dma.c" -mcpu=cortex-m4 -std=gnu11 -g3 -DDEBUG -DUSE_HAL_DRIVER -DSTM32F407xx -c -I../Core/Inc -I../Drivers/STM32F4xx_HAL_Driver/Inc -I../Drivers/STM32F4xx_HAL_Driver/Inc/Legacy -I../Drivers/CMSIS/Device/ST/STM32F4xx/Include -I../Drivers/CMSIS/Include -O0 -ffunction-sections -fdata-sections -Wall -fstack-usage -fcyclomatic-complexity -MMD -MP -MF"Drivers/STM32F4xx_HAL_Driver/Src/stm32f4xx_hal_dma.d" -MT"Drivers/STM32F4xx_HAL_Driver/Src/stm32f4xx_hal_dma.o" --specs=nano.specs -mfpu=fpv4-sp-d16 -mfloat-abi=hard -mthumb -o "Drivers/STM32F4xx_HAL_Driver/Src/stm32f4xx_hal_dma.o"
arm-none-eabi-gcc "../Drivers/STM32F4xx_HAL_Driver/Src/stm32f4xx_hal_dma_ex.c" -mcpu=cortex-m4 -std=gnu11 -g3 -DDEBUG -DUSE_HAL_DRIVER -DSTM32F407xx -c -I../Core/Inc -I../Drivers/STM32F4xx_HAL_Driver/Inc -I../Drivers/STM32F4xx_HAL_Driver/Inc/Legacy -I../Drivers/CMSIS/Device/ST/STM32F4xx/Include -I../Drivers/CMSIS/Include -O0 -ffunction-sections -fdata-sections -Wall -fstack-usage -fcyclomatic-complexity -MMD -MP -MF"Drivers/STM32F4xx_HAL_Driver/Src/stm32f4xx_hal_dma_ex.d" -MT"Drivers/STM32F4xx_HAL_Driver/Src/stm32f4xx_hal_dma_ex.o" --specs=nano.specs -mfpu=fpv4-sp-d16 -mfloat-abi=hard -mthumb -o "Drivers/STM32F4xx_HAL_Driver/Src/stm32f4xx_hal_dma_ex.o"
arm-none-eabi-gcc "../Drivers/STM32F4xx_HAL_Driver/Src/stm32f4xx_hal_exti.c" -mcpu=cortex-m4 -std=gnu11 -g3 -DDEBUG -DUSE_HAL_DRIVER -DSTM32F407xx -c -I../Core/Inc -I../Drivers/STM32F4xx_HAL_Driver/Inc -I../Drivers/STM32F4xx_HAL_Driver/Inc/Legacy -I../Drivers/CMSIS/Device/ST/STM32F4xx/Include -I../Drivers/CMSIS/Include -O0 -ffunction-sections -fdata-sections -Wall -fstack-usage -fcyclomatic-complexity -MMD -MP -MF"Drivers/STM32F4xx_HAL_Driver/Src/stm32f4xx_hal_exti.d" -MT"Drivers/STM32F4xx_HAL_Driver/Src/stm32f4xx_hal_exti.o" --specs=nano.specs -mfpu=fpv4-sp-d16 -mfloat-abi=hard -mthumb -o "Drivers/STM32F4xx_HAL_Driver/Src/stm32f4xx_hal_exti.o"
arm-none-eabi-gcc "../Drivers/STM32F4xx_HAL_Driver/Src/stm32f4xx_hal_flash.c" -mcpu=cortex-m4 -std=gnu11 -g3 -DDEBUG -DUSE_HAL_DRIVER -DSTM32F407xx -c -I../Core/Inc -I../Drivers/STM32F4xx_HAL_Driver/Inc -I../Drivers/STM32F4xx_HAL_Driver/Inc/Legacy -I../Drivers/CMSIS/Device/ST/STM32F4xx/Include -I../Drivers/CMSIS/Include -O0 -ffunction-sections -fdata-sections -Wall -fstack-usage -fcyclomatic-complexity -MMD -MP -MF"Drivers/STM32F4xx_HAL_Driver/Src/stm32f4xx_hal_flash.d" -MT"Drivers/STM32F4xx_HAL_Driver/Src/stm32f4xx_hal_flash.o" --specs=nano.specs -mfpu=fpv4-sp-d16 -mfloat-abi=hard -mthumb -o "Drivers/STM32F4xx_HAL_Driver/Src/stm32f4xx_hal_flash.o"
arm-none-eabi-gcc "../Drivers/STM32F4xx_HAL_Driver/Src/stm32f4xx_hal_flash_ex.c" -mcpu=cortex-m4 -std=gnu11 -g3 -DDEBUG -DUSE_HAL_DRIVER -DSTM32F407xx -c -I../Core/Inc -I../Drivers/STM32F4xx_HAL_Driver/Inc -I../Drivers/STM32F4xx_HAL_Driver/Inc/Legacy -I../Drivers/CMSIS/Device/ST/STM32F4xx/Include -I../Drivers/CMSIS/Include -O0 -ffunction-sections -fdata-sections -Wall -fstack-usage -fcyclomatic-complexity -MMD -MP -MF"Drivers/STM32F4xx_HAL_Driver/Src/stm32f4xx_hal_flash_ex.d" -MT"Drivers/STM32F4xx_HAL_Driver/Src/stm32f4xx_hal_flash_ex.o" --specs=nano.specs -mfpu=fpv4-sp-d16 -mfloat-abi=hard -mthumb -o "Drivers/STM32F4xx_HAL_Driver/Src/stm32f4xx_hal_flash_ex.o"
arm-none-eabi-gcc "../Drivers/STM32F4xx_HAL_Driver/Src/stm32f4xx_hal_flash_ramfunc.c" -mcpu=cortex-m4 -std=gnu11 -g3 -DDEBUG -DUSE_HAL_DRIVER -DSTM32F407xx -c -I../Core/Inc -I../Drivers/STM32F4xx_HAL_Driver/Inc -I../Drivers/STM32F4xx_HAL_Driver/Inc/Legacy -I../Drivers/CMSIS/Device/ST/STM32F4xx/Include -I../Drivers/CMSIS/Include -O0 -ffunction-sections -fdata-sections -Wall -fstack-usage -fcyclomatic-complexity -MMD -MP -MF"Drivers/STM32F4xx_HAL_Driver/Src/stm32f4xx_hal_flash_ramfunc.d" -MT"Drivers/STM32F4xx_HAL_Driver/Src/stm32f4xx_hal_flash_ramfunc.o" --specs=nano.specs -mfpu=fpv4-sp-d16 -mfloat-abi=hard -mthumb -o "Drivers/STM32F4xx_HAL_Driver/Src/stm32f4xx_hal_flash_ramfunc.o"
arm-none-eabi-gcc "../Drivers/STM32F4xx_HAL_Driver/Src/stm32f4xx_hal_gpio.c" -mcpu=cortex-m4 -std=gnu11 -g3 -DDEBUG -DUSE_HAL_DRIVER -DSTM32F407xx -c -I../Core/Inc -I../Drivers/STM32F4xx_HAL_Driver/Inc -I../Drivers/STM32F4xx_HAL_Driver/Inc/Legacy -I../Drivers/CMSIS/Device/ST/STM32F4xx/Include -I../Drivers/CMSIS/Include -O0 -ffunction-sections -fdata-sections -Wall -fstack-usage -fcyclomatic-complexity -MMD -MP -MF"Drivers/STM32F4xx_HAL_Driver/Src/stm32f4xx_hal_gpio.d" -MT"Drivers/STM32F4xx_HAL_Driver/Src/stm32f4xx_hal_gpio.o" --specs=nano.specs -mfpu=fpv4-sp-d16 -mfloat-abi=hard -mthumb -o "Drivers/STM32F4xx_HAL_Driver/Src/stm32f4xx_hal_gpio.o"
arm-none-eabi-gcc "../Drivers/STM32F4xx_HAL_Driver/Src/stm32f4xx_hal_i2c.c" -mcpu=cortex-m4 -std=gnu11 -g3 -DDEBUG -DUSE_HAL_DRIVER -DSTM32F407xx -c -I../Core/Inc -I../Drivers/STM32F4xx_HAL_Driver/Inc -I../Drivers/STM32F4xx_HAL_Driver/Inc/Legacy -I../Drivers/CMSIS/Device/ST/STM32F4xx/Include -I../Drivers/CMSIS/Include -O0 -ffunction-sections -fdata-sections -Wall -fstack-usage -fcyclomatic-complexity -MMD -MP -MF"Drivers/STM32F4xx_HAL_Driver/Src/stm32f4xx_hal_i2c.d" -MT"Drivers/STM32F4xx_HAL_Driver/Src/stm32f4xx_hal_i2c.o" --specs=nano.specs -mfpu=fpv4-sp-d16 -mfloat-abi=hard -mthumb -o "Drivers/STM32F4xx_HAL_Driver/Src/stm32f4xx_hal_i2c.o"
arm-none-eabi-gcc "../Drivers/STM32F4xx_HAL_Driver/Src/stm32f4xx_hal_i2c_ex.c" -mcpu=cortex-m4 -std=gnu11 -g3 -DDEBUG -DUSE_HAL_DRIVER -DSTM32F407xx -c -I../Core/Inc -I../Drivers/STM32F4xx_HAL_Driver/Inc -I../Drivers/STM32F4xx_HAL_Driver/Inc/Legacy -I../Drivers/CMSIS/Device/ST/STM32F4xx/Include -I../Drivers/CMSIS/Include -O0 -ffunction-sections -fdata-sections -Wall -fstack-usage -fcyclomatic-complexity -MMD -MP -MF"Drivers/STM32F4xx_HAL_Driver/Src/stm32f4xx_hal_i2c_ex.d" -MT"Drivers/STM32F4xx_HAL_Driver/Src/stm32f4xx_hal_i2c_ex.o" --specs=nano.specs -mfpu=fpv4-sp-d16 -mfloat-abi=hard -mthumb -o "Drivers/STM32F4xx_HAL_Driver/Src/stm32f4xx_hal_i2c_ex.o"
arm-none-eabi-gcc "../Drivers/STM32F4xx_HAL_Driver/Src/stm32f4xx_hal_pwr.c" -mcpu=cortex-m4 -std=gnu11 -g3 -DDEBUG -DUSE_HAL_DRIVER -DSTM32F407xx -c -I../Core/Inc -I../Drivers/STM32F4xx_HAL_Driver/Inc -I../Drivers/STM32F4xx_HAL_Driver/Inc/Legacy -I../Drivers/CMSIS/Device/ST/STM32F4xx/Include -I../Drivers/CMSIS/Include -O0 -ffunction-sections -fdata-sections -Wall -fstack-usage -fcyclomatic-complexity -MMD -MP -MF"Drivers/STM32F4xx_HAL_Driver/Src/stm32f4xx_hal_pwr.d" -MT"Drivers/STM32F4xx_HAL_Driver/Src/stm32f4xx_hal_pwr.o" --specs=nano.specs -mfpu=fpv4-sp-d16 -mfloat-abi=hard -mthumb -o "Drivers/STM32F4xx_HAL_Driver/Src/stm32f4xx_hal_pwr.o"
arm-none-eabi-gcc "../Drivers/STM32F4xx_HAL_Driver/Src/stm32f4xx_hal_pwr_ex.c" -mcpu=cortex-m4 -std=gnu11 -g3 -DDEBUG -DUSE_HAL_DRIVER -DSTM32F407xx -c -I../Core/Inc -I../Drivers/STM32F4xx_HAL_Driver/Inc -I../Drivers/STM32F4xx_HAL_Driver/Inc/Legacy -I../Drivers/CMSIS/Device/ST/STM32F4xx/Include -I../Drivers/CMSIS/Include -O0 -ffunction-sections -fdata-sections -Wall -fstack-usage -fcyclomatic-complexity -MMD -MP -MF"Drivers/STM32F4xx_HAL_Driver/Src/stm32f4xx_hal_pwr_ex.d" -MT"Drivers/STM32F4xx_HAL_Driver/Src/stm32f4xx_hal_pwr_ex.o" --specs=nano.specs -mfpu=fpv4-sp-d16 -mfloat-abi=hard -mthumb -o "Drivers/STM32F4xx_HAL_Driver/Src/stm32f4xx_hal_pwr_ex.o"
arm-none-eabi-gcc "../Drivers/STM32F4xx_HAL_Driver/Src/stm32f4xx_hal_rcc.c" -mcpu=cortex-m4 -std=gnu11 -g3 -DDEBUG -DUSE_HAL_DRIVER -DSTM32F407xx -c -I../Core/Inc -I../Drivers/STM32F4xx_HAL_Driver/Inc -I../Drivers/STM32F4xx_HAL_Driver/Inc/Legacy -I../Drivers/CMSIS/Device/ST/STM32F4xx/Include -I../Drivers/CMSIS/Include -O0 -ffunction-sections -fdata-sections -Wall -fstack-usage -fcyclomatic-complexity -MMD -MP -MF"Drivers/STM32F4xx_HAL_Driver/Src/stm32f4xx_hal_rcc.d" -MT"Drivers/STM32F4xx_HAL_Driver/Src/stm32f4xx_hal_rcc.o" --specs=nano.specs -mfpu=fpv4-sp-d16 -mfloat-abi=hard -mthumb -o "Drivers/STM32F4xx_HAL_Driver/Src/stm32f4xx_hal_rcc.o"
arm-none-eabi-gcc "../Drivers/STM32F4xx_HAL_Driver/Src/stm32f4xx_hal_rcc_ex.c" -mcpu=cortex-m4 -std=gnu11 -g3 -DDEBUG -DUSE_HAL_DRIVER -DSTM32F407xx -c -I../Core/Inc -I../Drivers/STM32F4xx_HAL_Driver/Inc -I../Drivers/STM32F4xx_HAL_Driver/Inc/Legacy -I../Drivers/CMSIS/Device/ST/STM32F4xx/Include -I../Drivers/CMSIS/Include -O0 -ffunction-sections -fdata-sections -Wall -fstack-usage -fcyclomatic-complexity -MMD -MP -MF"Drivers/STM32F4xx_HAL_Driver/Src/stm32f4xx_hal_rcc_ex.d" -MT"Drivers/STM32F4xx_HAL_Driver/Src/stm32f4xx_hal_rcc_ex.o" --specs=nano.specs -mfpu=fpv4-sp-d16 -mfloat-abi=hard -mthumb -o "Drivers/STM32F4xx_HAL_Driver/Src/stm32f4xx_hal_rcc_ex.o"
arm-none-eabi-gcc "../Drivers/STM32F4xx_HAL_Driver/Src/stm32f4xx_hal_tim.c" -mcpu=cortex-m4 -std=gnu11 -g3 -DDEBUG -DUSE_HAL_DRIVER -DSTM32F407xx -c -I../Core/Inc -I../Drivers/STM32F4xx_HAL_Driver/Inc -I../Drivers/STM32F4xx_HAL_Driver/Inc/Legacy -I../Drivers/CMSIS/Device/ST/STM32F4xx/Include -I../Drivers/CMSIS/Include -O0 -ffunction-sections -fdata-sections -Wall -fstack-usage -fcyclomatic-complexity -MMD -MP -MF"Drivers/STM32F4xx_HAL_Driver/Src/stm32f4xx_hal_tim.d" -MT"Drivers/STM32F4xx_HAL_Driver/Src/stm32f4xx_hal_tim.o" --specs=nano.specs -mfpu=fpv4-sp-d16 -mfloat-abi=hard -mthumb -o "Drivers/STM32F4xx_HAL_Driver/Src/stm32f4xx_hal_tim.o"
arm-none-eabi-gcc "../Drivers/STM32F4xx_HAL_Driver/Src/stm32f4xx_hal_tim_ex.c" -mcpu=cortex-m4 -std=gnu11 -g3 -DDEBUG -DUSE_HAL_DRIVER -DSTM32F407xx -c -I../Core/Inc -I../Drivers/STM32F4xx_HAL_Driver/Inc -I../Drivers/STM32F4xx_HAL_Driver/Inc/Legacy -I../Drivers/CMSIS/Device/ST/STM32F4xx/Include -I../Drivers/CMSIS/Include -O0 -ffunction-sections -fdata-sections -Wall -fstack-usage -fcyclomatic-complexity -MMD -MP -MF"Drivers/STM32F4xx_HAL_Driver/Src/stm32f4xx_hal_tim_ex.d" -MT"Drivers/STM32F4xx_HAL_Driver/Src/stm32f4xx_hal_tim_ex.o" --specs=nano.specs -mfpu=fpv4-sp-d16 -mfloat-abi=hard -mthumb -o "Drivers/STM32F4xx_HAL_Driver/Src/stm32f4xx_hal_tim_ex.o"
arm-none-eabi-gcc "../Drivers/STM32F4xx_HAL_Driver/Src/stm32f4xx_hal_uart.c" -mcpu=cortex-m4 -std=gnu11 -g3 -DDEBUG -DUSE_HAL_DRIVER -DSTM32F407xx -c -I../Core/Inc -I../Drivers/STM32F4xx_HAL_Driver/Inc -I../Drivers/STM32F4xx_HAL_Driver/Inc/Legacy -I../Drivers/CMSIS/Device/ST/STM32F4xx/Include -I../Drivers/CMSIS/Include -O0 -ffunction-sections -fdata-sections -Wall -fstack-usage -fcyclomatic-complexity -MMD -MP -MF"Drivers/STM32F4xx_HAL_Driver/Src/stm32f4xx_hal_uart.d" -MT"Drivers/STM32F4xx_HAL_Driver/Src/stm32f4xx_hal_uart.o" --specs=nano.specs -mfpu=fpv4-sp-d16 -mfloat-abi=hard -mthumb -o "Drivers/STM32F4xx_HAL_Driver/Src/stm32f4xx_hal_uart.o"
arm-none-eabi-gcc -mcpu=cortex-m4 -g3 -DDEBUG -c -x assembler-with-cpp -MMD -MP -MF"Core/Startup/startup_stm32f407vgtx.d" -MT"Core/Startup/startup_stm32f407vgtx.o" --specs=nano.specs -mfpu=fpv4-sp-d16 -mfloat-abi=hard -mthumb -o "Core/Startup/startup_stm32f407vgtx.o" "../Core/Startup/startup_stm32f407vgtx.s"
arm-none-eabi-gcc "../Core/Src/bmp180.c" -mcpu=cortex-m4 -std=gnu11 -g3 -DDEBUG -DUSE_HAL_DRIVER -DSTM32F407xx -c -I../Core/Inc -I../Drivers/STM32F4xx_HAL_Driver/Inc -I../Drivers/STM32F4xx_HAL_Driver/Inc/Legacy -I../Drivers/CMSIS/Device/ST/STM32F4xx/Include -I../Drivers/CMSIS/Include -O0 -ffunction-sections -fdata-sections -Wall -fstack-usage -fcyclomatic-complexity -MMD -MP -MF"Core/Src/bmp180.d" -MT"Core/Src/bmp180.o" --specs=nano.specs -mfpu=fpv4-sp-d16 -mfloat-abi=hard -mthumb -o "Core/Src/bmp180.o"
../Core/Src/bmp180.c: In function 'bmp180_init':
../Core/Src/bmp180.c:22:56: warning: passing argument 3 of 'HAL_I2C_Master_Transmit' makes pointer from integer without a cast [-Wint-conversion]
   22 |  if(HAL_I2C_Master_Transmit(&hi2c1, BMP180_ADDR_WRITE, regAddr , 1, HAL_MAX_DELAY) != HAL_OK){
      |                                                        ^~~~~~~
      |                                                        |
      |                                                        uint8_t {aka unsigned char}
In file included from ../Core/Inc/stm32f4xx_hal_conf.h:363,
                 from ../Drivers/STM32F4xx_HAL_Driver/Inc/stm32f4xx_hal.h:29,
                 from ../Core/Inc/bmp180.h:11,
                 from ../Core/Src/bmp180.c:8:
../Drivers/STM32F4xx_HAL_Driver/Inc/stm32f4xx_hal_i2c.h:566:98: note: expected 'uint8_t *' {aka 'unsigned char *'} but argument is of type 'uint8_t' {aka 'unsigned char'}
  566 | HAL_StatusTypeDef HAL_I2C_Master_Transmit(I2C_HandleTypeDef *hi2c, uint16_t DevAddress, uint8_t *pData, uint16_t Size, uint32_t Timeout);
      |                                                                                         ~~~~~~~~~^~~~~
../Core/Src/bmp180.c: In function 'bmp180_read_temperature':
../Core/Src/bmp180.c:48:79: error: expected ';' before 'HAL_Delay'
   48 |  HAL_I2C_Master_Transmit(&hi2c1, BMP180_ADDR_WRITE, CR_data, 2, HAL_MAX_DELAY)
      |                                                                               ^
      |                                                                               ;
   49 | 
   50 |  HAL_Delay(5); // max conversion time for temperature 4.5 ms
      |  ~~~~~~~~~                                                                     
../Core/Src/bmp180.c:53:23: warning: suggest parentheses around '+' inside '<<' [-Wparentheses]
   53 |  ut = CR_data[0] << 2 + CR_data[1];
      |                     ~~^~~~~~~~~~~~
../Core/Src/bmp180.c: In function 'bmp180_read_pressure':
../Core/Src/bmp180.c:95:26: warning: suggest parentheses around '+' inside '<<' [-Wparentheses]
   95 |  up = (raw_data[0] << 16 + raw_data[1] << 8 + raw_data[0]) >> (8 - oss);
      |                       ~~~^~~~~~~~~~~~~
../Core/Src/bmp180.c:95:45: warning: suggest parentheses around '+' inside '<<' [-Wparentheses]
   95 |  up = (raw_data[0] << 16 + raw_data[1] << 8 + raw_data[0]) >> (8 - oss);
      |                                           ~~^~~~~~~~~~~~~
../Core/Src/bmp180.c:97:55: warning: implicit declaration of function 'pow' [-Wimplicit-function-declaration]
   97 |  x1 = ((ut - bmp180_calib.ac6) * (bmp180_calib.ac5 / (pow(2,15))));
      |                                                       ^~~
../Core/Src/bmp180.c:97:55: warning: incompatible implicit declaration of built-in function 'pow'
../Core/Src/bmp180.c:9:1: note: include '<math.h>' or provide a declaration of 'pow'
    8 | #include "bmp180.h"
  +++ |+#include <math.h>
    9 | 
../Core/Src/bmp180.c: In function 'bmp180_read_altitude':
../Core/Src/bmp180.c:124:24: warning: incompatible implicit declaration of built-in function 'pow'
  124 |  return (44330 * (1 - (pow(((float)pressure / (float) ATM_PRESSURE), 0.190294957))));
      |                        ^~~
../Core/Src/bmp180.c:124:24: note: include '<math.h>' or provide a declaration of 'pow'
make: *** [Core/Src/subdir.mk:40: Core/Src/bmp180.o] Error 1
make: *** Waiting for unfinished jobs....
"make -j4 all" terminated with exit code 2. Build might be incomplete.
11:34:50 **** Incremental Build of configuration Debug for project weather_measurement ****
make -j4 all 
arm-none-eabi-gcc "../Core/Src/bmp180.c" -mcpu=cortex-m4 -std=gnu11 -g3 -DDEBUG -DUSE_HAL_DRIVER -DSTM32F407xx -c -I../Core/Inc -I../Drivers/STM32F4xx_HAL_Driver/Inc -I../Drivers/STM32F4xx_HAL_Driver/Inc/Legacy -I../Drivers/CMSIS/Device/ST/STM32F4xx/Include -I../Drivers/CMSIS/Include -O0 -ffunction-sections -fdata-sections -Wall -fstack-usage -fcyclomatic-complexity -MMD -MP -MF"Core/Src/bmp180.d" -MT"Core/Src/bmp180.o" --specs=nano.specs -mfpu=fpv4-sp-d16 -mfloat-abi=hard -mthumb -o "Core/Src/bmp180.o"
arm-none-eabi-gcc "../Core/Src/dht11.c" -mcpu=cortex-m4 -std=gnu11 -g3 -DDEBUG -DUSE_HAL_DRIVER -DSTM32F407xx -c -I../Core/Inc -I../Drivers/STM32F4xx_HAL_Driver/Inc -I../Drivers/STM32F4xx_HAL_Driver/Inc/Legacy -I../Drivers/CMSIS/Device/ST/STM32F4xx/Include -I../Drivers/CMSIS/Include -O0 -ffunction-sections -fdata-sections -Wall -fstack-usage -fcyclomatic-complexity -MMD -MP -MF"Core/Src/dht11.d" -MT"Core/Src/dht11.o" --specs=nano.specs -mfpu=fpv4-sp-d16 -mfloat-abi=hard -mthumb -o "Core/Src/dht11.o"
arm-none-eabi-gcc "../Core/Src/main.c" -mcpu=cortex-m4 -std=gnu11 -g3 -DDEBUG -DUSE_HAL_DRIVER -DSTM32F407xx -c -I../Core/Inc -I../Drivers/STM32F4xx_HAL_Driver/Inc -I../Drivers/STM32F4xx_HAL_Driver/Inc/Legacy -I../Drivers/CMSIS/Device/ST/STM32F4xx/Include -I../Drivers/CMSIS/Include -O0 -ffunction-sections -fdata-sections -Wall -fstack-usage -fcyclomatic-complexity -MMD -MP -MF"Core/Src/main.d" -MT"Core/Src/main.o" --specs=nano.specs -mfpu=fpv4-sp-d16 -mfloat-abi=hard -mthumb -o "Core/Src/main.o"
arm-none-eabi-gcc "../Core/Src/stm32f4xx_hal_msp.c" -mcpu=cortex-m4 -std=gnu11 -g3 -DDEBUG -DUSE_HAL_DRIVER -DSTM32F407xx -c -I../Core/Inc -I../Drivers/STM32F4xx_HAL_Driver/Inc -I../Drivers/STM32F4xx_HAL_Driver/Inc/Legacy -I../Drivers/CMSIS/Device/ST/STM32F4xx/Include -I../Drivers/CMSIS/Include -O0 -ffunction-sections -fdata-sections -Wall -fstack-usage -fcyclomatic-complexity -MMD -MP -MF"Core/Src/stm32f4xx_hal_msp.d" -MT"Core/Src/stm32f4xx_hal_msp.o" --specs=nano.specs -mfpu=fpv4-sp-d16 -mfloat-abi=hard -mthumb -o "Core/Src/stm32f4xx_hal_msp.o"
../Core/Src/bmp180.c: In function 'bmp180_init':
../Core/Src/bmp180.c:22:56: warning: passing argument 3 of 'HAL_I2C_Master_Transmit' makes pointer from integer without a cast [-Wint-conversion]
   22 |  if(HAL_I2C_Master_Transmit(&hi2c1, BMP180_ADDR_WRITE, regAddr , 1, HAL_MAX_DELAY) != HAL_OK){
      |                                                        ^~~~~~~
      |                                                        |
      |                                                        uint8_t {aka unsigned char}
In file included from ../Core/Inc/stm32f4xx_hal_conf.h:363,
                 from ../Drivers/STM32F4xx_HAL_Driver/Inc/stm32f4xx_hal.h:29,
                 from ../Core/Inc/bmp180.h:11,
                 from ../Core/Src/bmp180.c:8:
../Drivers/STM32F4xx_HAL_Driver/Inc/stm32f4xx_hal_i2c.h:566:98: note: expected 'uint8_t *' {aka 'unsigned char *'} but argument is of type 'uint8_t' {aka 'unsigned char'}
  566 | HAL_StatusTypeDef HAL_I2C_Master_Transmit(I2C_HandleTypeDef *hi2c, uint16_t DevAddress, uint8_t *pData, uint16_t Size, uint32_t Timeout);
      |                                                                                         ~~~~~~~~~^~~~~
../Core/Src/bmp180.c: In function 'bmp180_read_temperature':
../Core/Src/bmp180.c:53:23: warning: suggest parentheses around '+' inside '<<' [-Wparentheses]
   53 |  ut = CR_data[0] << 2 + CR_data[1];
      |                     ~~^~~~~~~~~~~~
../Core/Src/bmp180.c: In function 'bmp180_read_pressure':
../Core/Src/bmp180.c:95:26: warning: suggest parentheses around '+' inside '<<' [-Wparentheses]
   95 |  up = (raw_data[0] << 16 + raw_data[1] << 8 + raw_data[0]) >> (8 - oss);
      |                       ~~~^~~~~~~~~~~~~
../Core/Src/bmp180.c:95:45: warning: suggest parentheses around '+' inside '<<' [-Wparentheses]
   95 |  up = (raw_data[0] << 16 + raw_data[1] << 8 + raw_data[0]) >> (8 - oss);
      |                                           ~~^~~~~~~~~~~~~
arm-none-eabi-gcc "../Core/Src/stm32f4xx_it.c" -mcpu=cortex-m4 -std=gnu11 -g3 -DDEBUG -DUSE_HAL_DRIVER -DSTM32F407xx -c -I../Core/Inc -I../Drivers/STM32F4xx_HAL_Driver/Inc -I../Drivers/STM32F4xx_HAL_Driver/Inc/Legacy -I../Drivers/CMSIS/Device/ST/STM32F4xx/Include -I../Drivers/CMSIS/Include -O0 -ffunction-sections -fdata-sections -Wall -fstack-usage -fcyclomatic-complexity -MMD -MP -MF"Core/Src/stm32f4xx_it.d" -MT"Core/Src/stm32f4xx_it.o" --specs=nano.specs -mfpu=fpv4-sp-d16 -mfloat-abi=hard -mthumb -o "Core/Src/stm32f4xx_it.o"
arm-none-eabi-gcc "../Core/Src/syscalls.c" -mcpu=cortex-m4 -std=gnu11 -g3 -DDEBUG -DUSE_HAL_DRIVER -DSTM32F407xx -c -I../Core/Inc -I../Drivers/STM32F4xx_HAL_Driver/Inc -I../Drivers/STM32F4xx_HAL_Driver/Inc/Legacy -I../Drivers/CMSIS/Device/ST/STM32F4xx/Include -I../Drivers/CMSIS/Include -O0 -ffunction-sections -fdata-sections -Wall -fstack-usage -fcyclomatic-complexity -MMD -MP -MF"Core/Src/syscalls.d" -MT"Core/Src/syscalls.o" --specs=nano.specs -mfpu=fpv4-sp-d16 -mfloat-abi=hard -mthumb -o "Core/Src/syscalls.o"
arm-none-eabi-gcc "../Core/Src/sysmem.c" -mcpu=cortex-m4 -std=gnu11 -g3 -DDEBUG -DUSE_HAL_DRIVER -DSTM32F407xx -c -I../Core/Inc -I../Drivers/STM32F4xx_HAL_Driver/Inc -I../Drivers/STM32F4xx_HAL_Driver/Inc/Legacy -I../Drivers/CMSIS/Device/ST/STM32F4xx/Include -I../Drivers/CMSIS/Include -O0 -ffunction-sections -fdata-sections -Wall -fstack-usage -fcyclomatic-complexity -MMD -MP -MF"Core/Src/sysmem.d" -MT"Core/Src/sysmem.o" --specs=nano.specs -mfpu=fpv4-sp-d16 -mfloat-abi=hard -mthumb -o "Core/Src/sysmem.o"
arm-none-eabi-gcc "../Core/Src/system_stm32f4xx.c" -mcpu=cortex-m4 -std=gnu11 -g3 -DDEBUG -DUSE_HAL_DRIVER -DSTM32F407xx -c -I../Core/Inc -I../Drivers/STM32F4xx_HAL_Driver/Inc -I../Drivers/STM32F4xx_HAL_Driver/Inc/Legacy -I../Drivers/CMSIS/Device/ST/STM32F4xx/Include -I../Drivers/CMSIS/Include -O0 -ffunction-sections -fdata-sections -Wall -fstack-usage -fcyclomatic-complexity -MMD -MP -MF"Core/Src/system_stm32f4xx.d" -MT"Core/Src/system_stm32f4xx.o" --specs=nano.specs -mfpu=fpv4-sp-d16 -mfloat-abi=hard -mthumb -o "Core/Src/system_stm32f4xx.o"
arm-none-eabi-gcc -o "weather_measurement.elf" @"objects.list"   -mcpu=cortex-m4 -T"C:\Users\LENOVO\Desktop\weather_station_ifttt\weather_measurement\STM32F407VGTX_FLASH.ld" --specs=nosys.specs -Wl,-Map="weather_measurement.map" -Wl,--gc-sections -static --specs=nano.specs -mfpu=fpv4-sp-d16 -mfloat-abi=hard -mthumb -Wl,--start-group -lc -lm -Wl,--end-group
Finished building target: weather_measurement.elf
 
arm-none-eabi-size   weather_measurement.elf 
arm-none-eabi-objdump -h -S  weather_measurement.elf  > "weather_measurement.list"
   text	   data	    bss	    dec	    hex	filename
   9700	     20	   1868	  11588	   2d44	weather_measurement.elf
Finished building: default.size.stdout
 
Finished building: weather_measurement.list
 
11:35:27 **** Incremental Build of configuration Debug for project weather_measurement ****
make -j4 all 
arm-none-eabi-gcc "../Core/Src/bmp180.c" -mcpu=cortex-m4 -std=gnu11 -g3 -DDEBUG -DUSE_HAL_DRIVER -DSTM32F407xx -c -I../Core/Inc -I../Drivers/STM32F4xx_HAL_Driver/Inc -I../Drivers/STM32F4xx_HAL_Driver/Inc/Legacy -I../Drivers/CMSIS/Device/ST/STM32F4xx/Include -I../Drivers/CMSIS/Include -O0 -ffunction-sections -fdata-sections -Wall -fstack-usage -fcyclomatic-complexity -MMD -MP -MF"Core/Src/bmp180.d" -MT"Core/Src/bmp180.o" --specs=nano.specs -mfpu=fpv4-sp-d16 -mfloat-abi=hard -mthumb -o "Core/Src/bmp180.o"
../Core/Src/bmp180.c: In function 'bmp180_read_temperature':
../Core/Src/bmp180.c:53:23: warning: suggest parentheses around '+' inside '<<' [-Wparentheses]
   53 |  ut = CR_data[0] << 2 + CR_data[1];
      |                     ~~^~~~~~~~~~~~
../Core/Src/bmp180.c: In function 'bmp180_read_pressure':
../Core/Src/bmp180.c:95:26: warning: suggest parentheses around '+' inside '<<' [-Wparentheses]
   95 |  up = (raw_data[0] << 16 + raw_data[1] << 8 + raw_data[0]) >> (8 - oss);
      |                       ~~~^~~~~~~~~~~~~
../Core/Src/bmp180.c:95:45: warning: suggest parentheses around '+' inside '<<' [-Wparentheses]
   95 |  up = (raw_data[0] << 16 + raw_data[1] << 8 + raw_data[0]) >> (8 - oss);
      |                                           ~~^~~~~~~~~~~~~
arm-none-eabi-gcc -o "weather_measurement.elf" @"objects.list"   -mcpu=cortex-m4 -T"C:\Users\LENOVO\Desktop\weather_station_ifttt\weather_measurement\STM32F407VGTX_FLASH.ld" --specs=nosys.specs -Wl,-Map="weather_measurement.map" -Wl,--gc-sections -static --specs=nano.specs -mfpu=fpv4-sp-d16 -mfloat-abi=hard -mthumb -Wl,--start-group -lc -lm -Wl,--end-group
Finished building target: weather_measurement.elf
 
arm-none-eabi-size   weather_measurement.elf 
arm-none-eabi-objdump -h -S  weather_measurement.elf  > "weather_measurement.list"
   text	   data	    bss	    dec	    hex	filename
   9700	     20	   1868	  11588	   2d44	weather_measurement.elf
Finished building: default.size.stdout
 
Finished building: weather_measurement.list
 
11:35:56 **** Incremental Build of configuration Debug for project weather_measurement ****
make -j4 all 
arm-none-eabi-gcc "../Core/Src/bmp180.c" -mcpu=cortex-m4 -std=gnu11 -g3 -DDEBUG -DUSE_HAL_DRIVER -DSTM32F407xx -c -I../Core/Inc -I../Drivers/STM32F4xx_HAL_Driver/Inc -I../Drivers/STM32F4xx_HAL_Driver/Inc/Legacy -I../Drivers/CMSIS/Device/ST/STM32F4xx/Include -I../Drivers/CMSIS/Include -O0 -ffunction-sections -fdata-sections -Wall -fstack-usage -fcyclomatic-complexity -MMD -MP -MF"Core/Src/bmp180.d" -MT"Core/Src/bmp180.o" --specs=nano.specs -mfpu=fpv4-sp-d16 -mfloat-abi=hard -mthumb -o "Core/Src/bmp180.o"
../Core/Src/bmp180.c: In function 'bmp180_read_pressure':
../Core/Src/bmp180.c:95:28: warning: suggest parentheses around '+' inside '<<' [-Wparentheses]
   95 |  up = ((raw_data[0] << 16) + raw_data[1] << 8 + raw_data[0]) >> (8 - oss);
      |        ~~~~~~~~~~~~~~~~~~~~^~~~~~~~~~~~~
arm-none-eabi-gcc -o "weather_measurement.elf" @"objects.list"   -mcpu=cortex-m4 -T"C:\Users\LENOVO\Desktop\weather_station_ifttt\weather_measurement\STM32F407VGTX_FLASH.ld" --specs=nosys.specs -Wl,-Map="weather_measurement.map" -Wl,--gc-sections -static --specs=nano.specs -mfpu=fpv4-sp-d16 -mfloat-abi=hard -mthumb -Wl,--start-group -lc -lm -Wl,--end-group
Finished building target: weather_measurement.elf
 
arm-none-eabi-size   weather_measurement.elf 
arm-none-eabi-objdump -h -S  weather_measurement.elf  > "weather_measurement.list"
   text	   data	    bss	    dec	    hex	filename
   9700	     20	   1868	  11588	   2d44	weather_measurement.elf
Finished building: default.size.stdout
 
Finished building: weather_measurement.list
 
11:36:11 **** Incremental Build of configuration Debug for project weather_measurement ****
make -j4 all 
arm-none-eabi-gcc "../Core/Src/bmp180.c" -mcpu=cortex-m4 -std=gnu11 -g3 -DDEBUG -DUSE_HAL_DRIVER -DSTM32F407xx -c -I../Core/Inc -I../Drivers/STM32F4xx_HAL_Driver/Inc -I../Drivers/STM32F4xx_HAL_Driver/Inc/Legacy -I../Drivers/CMSIS/Device/ST/STM32F4xx/Include -I../Drivers/CMSIS/Include -O0 -ffunction-sections -fdata-sections -Wall -fstack-usage -fcyclomatic-complexity -MMD -MP -MF"Core/Src/bmp180.d" -MT"Core/Src/bmp180.o" --specs=nano.specs -mfpu=fpv4-sp-d16 -mfloat-abi=hard -mthumb -o "Core/Src/bmp180.o"
arm-none-eabi-gcc -o "weather_measurement.elf" @"objects.list"   -mcpu=cortex-m4 -T"C:\Users\LENOVO\Desktop\weather_station_ifttt\weather_measurement\STM32F407VGTX_FLASH.ld" --specs=nosys.specs -Wl,-Map="weather_measurement.map" -Wl,--gc-sections -static --specs=nano.specs -mfpu=fpv4-sp-d16 -mfloat-abi=hard -mthumb -Wl,--start-group -lc -lm -Wl,--end-group
Finished building target: weather_measurement.elf
 
arm-none-eabi-size   weather_measurement.elf 
arm-none-eabi-objdump -h -S  weather_measurement.elf  > "weather_measurement.list"
   text	   data	    bss	    dec	    hex	filename
   9700	     20	   1868	  11588	   2d44	weather_measurement.elf
Finished building: default.size.stdout
 
Finished building: weather_measurement.list
 
11:53:48 **** Incremental Build of configuration Debug for project weather_measurement ****
make -j4 all 
arm-none-eabi-gcc "../Core/Src/main.c" -mcpu=cortex-m4 -std=gnu11 -g3 -DDEBUG -DUSE_HAL_DRIVER -DSTM32F407xx -c -I../Core/Inc -I../Drivers/STM32F4xx_HAL_Driver/Inc -I../Drivers/STM32F4xx_HAL_Driver/Inc/Legacy -I../Drivers/CMSIS/Device/ST/STM32F4xx/Include -I../Drivers/CMSIS/Include -O0 -ffunction-sections -fdata-sections -Wall -fstack-usage -fcyclomatic-complexity -MMD -MP -MF"Core/Src/main.d" -MT"Core/Src/main.o" --specs=nano.specs -mfpu=fpv4-sp-d16 -mfloat-abi=hard -mthumb -o "Core/Src/main.o"
arm-none-eabi-gcc -o "weather_measurement.elf" @"objects.list"   -mcpu=cortex-m4 -T"C:\Users\LENOVO\Desktop\weather_station_ifttt\weather_measurement\STM32F407VGTX_FLASH.ld" --specs=nosys.specs -Wl,-Map="weather_measurement.map" -Wl,--gc-sections -static --specs=nano.specs -mfpu=fpv4-sp-d16 -mfloat-abi=hard -mthumb -Wl,--start-group -lc -lm -Wl,--end-group
c:\st\stm32cubeide_1.9.0\stm32cubeide\plugins\com.st.stm32cube.ide.mcu.externaltools.gnu-tools-for-stm32.10.3-2021.10.win32_1.0.200.202301161003\tools\arm-none-eabi\bin\ld.exe: ./Core/Src/main.o:C:/Users/LENOVO/Desktop/weather_station_ifttt/weather_measurement/Debug/../Core/Inc/bmp180.h:35: multiple definition of `OSS'; ./Core/Src/bmp180.o:C:/Users/LENOVO/Desktop/weather_station_ifttt/weather_measurement/Debug/../Core/Inc/bmp180.h:35: first defined here
collect2.exe: error: ld returned 1 exit status
make: *** [makefile:64: weather_measurement.elf] Error 1
"make -j4 all" terminated with exit code 2. Build might be incomplete.
11:54:23 **** Incremental Build of configuration Debug for project weather_measurement ****
make -j4 all 
arm-none-eabi-gcc -o "weather_measurement.elf" @"objects.list"   -mcpu=cortex-m4 -T"C:\Users\LENOVO\Desktop\weather_station_ifttt\weather_measurement\STM32F407VGTX_FLASH.ld" --specs=nosys.specs -Wl,-Map="weather_measurement.map" -Wl,--gc-sections -static --specs=nano.specs -mfpu=fpv4-sp-d16 -mfloat-abi=hard -mthumb -Wl,--start-group -lc -lm -Wl,--end-group
c:\st\stm32cubeide_1.9.0\stm32cubeide\plugins\com.st.stm32cube.ide.mcu.externaltools.gnu-tools-for-stm32.10.3-2021.10.win32_1.0.200.202301161003\tools\arm-none-eabi\bin\ld.exe: ./Core/Src/main.o:C:/Users/LENOVO/Desktop/weather_station_ifttt/weather_measurement/Debug/../Core/Inc/bmp180.h:35: multiple definition of `OSS'; ./Core/Src/bmp180.o:C:/Users/LENOVO/Desktop/weather_station_ifttt/weather_measurement/Debug/../Core/Inc/bmp180.h:35: first defined here
collect2.exe: error: ld returned 1 exit status
make: *** [makefile:64: weather_measurement.elf] Error 1
"make -j4 all" terminated with exit code 2. Build might be incomplete.
11:55:23 **** Incremental Build of configuration Debug for project weather_measurement ****
make -j4 all 
arm-none-eabi-gcc "../Core/Src/bmp180.c" -mcpu=cortex-m4 -std=gnu11 -g3 -DDEBUG -DUSE_HAL_DRIVER -DSTM32F407xx -c -I../Core/Inc -I../Drivers/STM32F4xx_HAL_Driver/Inc -I../Drivers/STM32F4xx_HAL_Driver/Inc/Legacy -I../Drivers/CMSIS/Device/ST/STM32F4xx/Include -I../Drivers/CMSIS/Include -O0 -ffunction-sections -fdata-sections -Wall -fstack-usage -fcyclomatic-complexity -MMD -MP -MF"Core/Src/bmp180.d" -MT"Core/Src/bmp180.o" --specs=nano.specs -mfpu=fpv4-sp-d16 -mfloat-abi=hard -mthumb -o "Core/Src/bmp180.o"
arm-none-eabi-gcc "../Core/Src/main.c" -mcpu=cortex-m4 -std=gnu11 -g3 -DDEBUG -DUSE_HAL_DRIVER -DSTM32F407xx -c -I../Core/Inc -I../Drivers/STM32F4xx_HAL_Driver/Inc -I../Drivers/STM32F4xx_HAL_Driver/Inc/Legacy -I../Drivers/CMSIS/Device/ST/STM32F4xx/Include -I../Drivers/CMSIS/Include -O0 -ffunction-sections -fdata-sections -Wall -fstack-usage -fcyclomatic-complexity -MMD -MP -MF"Core/Src/main.d" -MT"Core/Src/main.o" --specs=nano.specs -mfpu=fpv4-sp-d16 -mfloat-abi=hard -mthumb -o "Core/Src/main.o"
arm-none-eabi-gcc -o "weather_measurement.elf" @"objects.list"   -mcpu=cortex-m4 -T"C:\Users\LENOVO\Desktop\weather_station_ifttt\weather_measurement\STM32F407VGTX_FLASH.ld" --specs=nosys.specs -Wl,-Map="weather_measurement.map" -Wl,--gc-sections -static --specs=nano.specs -mfpu=fpv4-sp-d16 -mfloat-abi=hard -mthumb -Wl,--start-group -lc -lm -Wl,--end-group
Finished building target: weather_measurement.elf
 
arm-none-eabi-size   weather_measurement.elf 
arm-none-eabi-objdump -h -S  weather_measurement.elf  > "weather_measurement.list"
   text	   data	    bss	    dec	    hex	filename
  18284	     20	   1892	  20196	   4ee4	weather_measurement.elf
Finished building: default.size.stdout
 
Finished building: weather_measurement.list
 
11:55:29 **** Incremental Build of configuration Debug for project weather_measurement ****
make -j4 all 
arm-none-eabi-size   weather_measurement.elf 
   text	   data	    bss	    dec	    hex	filename
  18284	     20	   1892	  20196	   4ee4	weather_measurement.elf
Finished building: default.size.stdout
 
11:55:55 **** Incremental Build of configuration Debug for project weather_measurement ****
make -j4 all 
arm-none-eabi-size   weather_measurement.elf 
   text	   data	    bss	    dec	    hex	filename
  18284	     20	   1892	  20196	   4ee4	weather_measurement.elf
Finished building: default.size.stdout
 
11:56:34 **** Incremental Build of configuration Debug for project weather_measurement ****
make -j4 all 
arm-none-eabi-size   weather_measurement.elf 
   text	   data	    bss	    dec	    hex	filename
  18284	     20	   1892	  20196	   4ee4	weather_measurement.elf
Finished building: default.size.stdout
 
11:56:48 **** Incremental Build of configuration Debug for project weather_measurement ****
make -j4 all 
arm-none-eabi-size   weather_measurement.elf 
   text	   data	    bss	    dec	    hex	filename
  18284	     20	   1892	  20196	   4ee4	weather_measurement.elf
Finished building: default.size.stdout
 
11:58:40 **** Incremental Build of configuration Debug for project weather_measurement ****
make -j4 all 
arm-none-eabi-gcc "../Core/Src/main.c" -mcpu=cortex-m4 -std=gnu11 -g3 -DDEBUG -DUSE_HAL_DRIVER -DSTM32F407xx -c -I../Core/Inc -I../Drivers/STM32F4xx_HAL_Driver/Inc -I../Drivers/STM32F4xx_HAL_Driver/Inc/Legacy -I../Drivers/CMSIS/Device/ST/STM32F4xx/Include -I../Drivers/CMSIS/Include -O0 -ffunction-sections -fdata-sections -Wall -fstack-usage -fcyclomatic-complexity -MMD -MP -MF"Core/Src/main.d" -MT"Core/Src/main.o" --specs=nano.specs -mfpu=fpv4-sp-d16 -mfloat-abi=hard -mthumb -o "Core/Src/main.o"
arm-none-eabi-gcc -o "weather_measurement.elf" @"objects.list"   -mcpu=cortex-m4 -T"C:\Users\LENOVO\Desktop\weather_station_ifttt\weather_measurement\STM32F407VGTX_FLASH.ld" --specs=nosys.specs -Wl,-Map="weather_measurement.map" -Wl,--gc-sections -static --specs=nano.specs -mfpu=fpv4-sp-d16 -mfloat-abi=hard -mthumb -Wl,--start-group -lc -lm -Wl,--end-group
Finished building target: weather_measurement.elf
 
arm-none-eabi-size   weather_measurement.elf 
arm-none-eabi-objdump -h -S  weather_measurement.elf  > "weather_measurement.list"
   text	   data	    bss	    dec	    hex	filename
  18320	     20	   1900	  20240	   4f10	weather_measurement.elf
Finished building: default.size.stdout
 
Finished building: weather_measurement.list
 
12:05:17 **** Incremental Build of configuration Debug for project weather_measurement ****
make -j4 all 
arm-none-eabi-gcc "../Core/Src/bmp180.c" -mcpu=cortex-m4 -std=gnu11 -g3 -DDEBUG -DUSE_HAL_DRIVER -DSTM32F407xx -c -I../Core/Inc -I../Drivers/STM32F4xx_HAL_Driver/Inc -I../Drivers/STM32F4xx_HAL_Driver/Inc/Legacy -I../Drivers/CMSIS/Device/ST/STM32F4xx/Include -I../Drivers/CMSIS/Include -O0 -ffunction-sections -fdata-sections -Wall -fstack-usage -fcyclomatic-complexity -MMD -MP -MF"Core/Src/bmp180.d" -MT"Core/Src/bmp180.o" --specs=nano.specs -mfpu=fpv4-sp-d16 -mfloat-abi=hard -mthumb -o "Core/Src/bmp180.o"
../Core/Src/bmp180.c: In function 'bmp180_read_temperature':
../Core/Src/bmp180.c:48:56: warning: passing argument 5 of 'HAL_I2C_Mem_Write' from incompatible pointer type [-Wincompatible-pointer-types]
   48 |  HAL_I2C_Mem_Write(&hi2c1, BMP180_ADDR_WRITE, 0xF4, 1, &CR_data, 1, HAL_MAX_DELAY);
      |                                                        ^~~~~~~~
      |                                                        |
      |                                                        uint8_t (*)[2] {aka unsigned char (*)[2]}
In file included from ../Core/Inc/stm32f4xx_hal_conf.h:363,
                 from ../Drivers/STM32F4xx_HAL_Driver/Inc/stm32f4xx_hal.h:29,
                 from ../Core/Inc/bmp180.h:11,
                 from ../Core/Src/bmp180.c:8:
../Drivers/STM32F4xx_HAL_Driver/Inc/stm32f4xx_hal_i2c.h:570:134: note: expected 'uint8_t *' {aka 'unsigned char *'} but argument is of type 'uint8_t (*)[2]' {aka 'unsigned char (*)[2]'}
  570 | HAL_StatusTypeDef HAL_I2C_Mem_Write(I2C_HandleTypeDef *hi2c, uint16_t DevAddress, uint16_t MemAddress, uint16_t MemAddSize, uint8_t *pData, uint16_t Size, uint32_t Timeout);
      |                                                                                                                             ~~~~~~~~~^~~~~
arm-none-eabi-gcc -o "weather_measurement.elf" @"objects.list"   -mcpu=cortex-m4 -T"C:\Users\LENOVO\Desktop\weather_station_ifttt\weather_measurement\STM32F407VGTX_FLASH.ld" --specs=nosys.specs -Wl,-Map="weather_measurement.map" -Wl,--gc-sections -static --specs=nano.specs -mfpu=fpv4-sp-d16 -mfloat-abi=hard -mthumb -Wl,--start-group -lc -lm -Wl,--end-group
Finished building target: weather_measurement.elf
 
arm-none-eabi-size   weather_measurement.elf 
arm-none-eabi-objdump -h -S  weather_measurement.elf  > "weather_measurement.list"
   text	   data	    bss	    dec	    hex	filename
  19128	     20	   1900	  21048	   5238	weather_measurement.elf
Finished building: default.size.stdout
 
Finished building: weather_measurement.list
 
12:05:38 **** Incremental Build of configuration Debug for project weather_measurement ****
make -j4 all 
arm-none-eabi-gcc "../Core/Src/bmp180.c" -mcpu=cortex-m4 -std=gnu11 -g3 -DDEBUG -DUSE_HAL_DRIVER -DSTM32F407xx -c -I../Core/Inc -I../Drivers/STM32F4xx_HAL_Driver/Inc -I../Drivers/STM32F4xx_HAL_Driver/Inc/Legacy -I../Drivers/CMSIS/Device/ST/STM32F4xx/Include -I../Drivers/CMSIS/Include -O0 -ffunction-sections -fdata-sections -Wall -fstack-usage -fcyclomatic-complexity -MMD -MP -MF"Core/Src/bmp180.d" -MT"Core/Src/bmp180.o" --specs=nano.specs -mfpu=fpv4-sp-d16 -mfloat-abi=hard -mthumb -o "Core/Src/bmp180.o"
arm-none-eabi-gcc -o "weather_measurement.elf" @"objects.list"   -mcpu=cortex-m4 -T"C:\Users\LENOVO\Desktop\weather_station_ifttt\weather_measurement\STM32F407VGTX_FLASH.ld" --specs=nosys.specs -Wl,-Map="weather_measurement.map" -Wl,--gc-sections -static --specs=nano.specs -mfpu=fpv4-sp-d16 -mfloat-abi=hard -mthumb -Wl,--start-group -lc -lm -Wl,--end-group
Finished building target: weather_measurement.elf
 
arm-none-eabi-size   weather_measurement.elf 
arm-none-eabi-objdump -h -S  weather_measurement.elf  > "weather_measurement.list"
   text	   data	    bss	    dec	    hex	filename
  19128	     20	   1900	  21048	   5238	weather_measurement.elf
Finished building: default.size.stdout
 
Finished building: weather_measurement.list
 
12:06:28 **** Incremental Build of configuration Debug for project weather_measurement ****
make -j4 all 
arm-none-eabi-gcc "../Core/Src/bmp180.c" -mcpu=cortex-m4 -std=gnu11 -g3 -DDEBUG -DUSE_HAL_DRIVER -DSTM32F407xx -c -I../Core/Inc -I../Drivers/STM32F4xx_HAL_Driver/Inc -I../Drivers/STM32F4xx_HAL_Driver/Inc/Legacy -I../Drivers/CMSIS/Device/ST/STM32F4xx/Include -I../Drivers/CMSIS/Include -O0 -ffunction-sections -fdata-sections -Wall -fstack-usage -fcyclomatic-complexity -MMD -MP -MF"Core/Src/bmp180.d" -MT"Core/Src/bmp180.o" --specs=nano.specs -mfpu=fpv4-sp-d16 -mfloat-abi=hard -mthumb -o "Core/Src/bmp180.o"
arm-none-eabi-gcc -o "weather_measurement.elf" @"objects.list"   -mcpu=cortex-m4 -T"C:\Users\LENOVO\Desktop\weather_station_ifttt\weather_measurement\STM32F407VGTX_FLASH.ld" --specs=nosys.specs -Wl,-Map="weather_measurement.map" -Wl,--gc-sections -static --specs=nano.specs -mfpu=fpv4-sp-d16 -mfloat-abi=hard -mthumb -Wl,--start-group -lc -lm -Wl,--end-group
Finished building target: weather_measurement.elf
 
arm-none-eabi-size   weather_measurement.elf 
arm-none-eabi-objdump -h -S  weather_measurement.elf  > "weather_measurement.list"
   text	   data	    bss	    dec	    hex	filename
  18320	     20	   1900	  20240	   4f10	weather_measurement.elf
Finished building: default.size.stdout
 
Finished building: weather_measurement.list
 
12:07:04 **** Incremental Build of configuration Debug for project weather_measurement ****
make -j4 all 
arm-none-eabi-size   weather_measurement.elf 
   text	   data	    bss	    dec	    hex	filename
  18320	     20	   1900	  20240	   4f10	weather_measurement.elf
Finished building: default.size.stdout
 
12:09:13 **** Incremental Build of configuration Debug for project weather_measurement ****
make -j4 all 
arm-none-eabi-gcc "../Core/Src/main.c" -mcpu=cortex-m4 -std=gnu11 -g3 -DDEBUG -DUSE_HAL_DRIVER -DSTM32F407xx -c -I../Core/Inc -I../Drivers/STM32F4xx_HAL_Driver/Inc -I../Drivers/STM32F4xx_HAL_Driver/Inc/Legacy -I../Drivers/CMSIS/Device/ST/STM32F4xx/Include -I../Drivers/CMSIS/Include -O0 -ffunction-sections -fdata-sections -Wall -fstack-usage -fcyclomatic-complexity -MMD -MP -MF"Core/Src/main.d" -MT"Core/Src/main.o" --specs=nano.specs -mfpu=fpv4-sp-d16 -mfloat-abi=hard -mthumb -o "Core/Src/main.o"
arm-none-eabi-gcc -o "weather_measurement.elf" @"objects.list"   -mcpu=cortex-m4 -T"C:\Users\LENOVO\Desktop\weather_station_ifttt\weather_measurement\STM32F407VGTX_FLASH.ld" --specs=nosys.specs -Wl,-Map="weather_measurement.map" -Wl,--gc-sections -static --specs=nano.specs -mfpu=fpv4-sp-d16 -mfloat-abi=hard -mthumb -Wl,--start-group -lc -lm -Wl,--end-group
Finished building target: weather_measurement.elf
 
arm-none-eabi-size   weather_measurement.elf 
arm-none-eabi-objdump -h -S  weather_measurement.elf  > "weather_measurement.list"
   text	   data	    bss	    dec	    hex	filename
  18320	     20	   1900	  20240	   4f10	weather_measurement.elf
Finished building: default.size.stdout
 
Finished building: weather_measurement.list
 
12:11:51 **** Incremental Build of configuration Debug for project weather_measurement ****
make -j4 all 
arm-none-eabi-gcc "../Core/Src/bmp180.c" -mcpu=cortex-m4 -std=gnu11 -g3 -DDEBUG -DUSE_HAL_DRIVER -DSTM32F407xx -c -I../Core/Inc -I../Drivers/STM32F4xx_HAL_Driver/Inc -I../Drivers/STM32F4xx_HAL_Driver/Inc/Legacy -I../Drivers/CMSIS/Device/ST/STM32F4xx/Include -I../Drivers/CMSIS/Include -O0 -ffunction-sections -fdata-sections -Wall -fstack-usage -fcyclomatic-complexity -MMD -MP -MF"Core/Src/bmp180.d" -MT"Core/Src/bmp180.o" --specs=nano.specs -mfpu=fpv4-sp-d16 -mfloat-abi=hard -mthumb -o "Core/Src/bmp180.o"
arm-none-eabi-gcc -o "weather_measurement.elf" @"objects.list"   -mcpu=cortex-m4 -T"C:\Users\LENOVO\Desktop\weather_station_ifttt\weather_measurement\STM32F407VGTX_FLASH.ld" --specs=nosys.specs -Wl,-Map="weather_measurement.map" -Wl,--gc-sections -static --specs=nano.specs -mfpu=fpv4-sp-d16 -mfloat-abi=hard -mthumb -Wl,--start-group -lc -lm -Wl,--end-group
Finished building target: weather_measurement.elf
 
arm-none-eabi-size   weather_measurement.elf 
arm-none-eabi-objdump -h -S  weather_measurement.elf  > "weather_measurement.list"
   text	   data	    bss	    dec	    hex	filename
  18320	     20	   1900	  20240	   4f10	weather_measurement.elf
Finished building: default.size.stdout
 
Finished building: weather_measurement.list
 
12:13:29 **** Incremental Build of configuration Debug for project weather_measurement ****
make -j4 all 
arm-none-eabi-gcc "../Core/Src/bmp180.c" -mcpu=cortex-m4 -std=gnu11 -g3 -DDEBUG -DUSE_HAL_DRIVER -DSTM32F407xx -c -I../Core/Inc -I../Drivers/STM32F4xx_HAL_Driver/Inc -I../Drivers/STM32F4xx_HAL_Driver/Inc/Legacy -I../Drivers/CMSIS/Device/ST/STM32F4xx/Include -I../Drivers/CMSIS/Include -O0 -ffunction-sections -fdata-sections -Wall -fstack-usage -fcyclomatic-complexity -MMD -MP -MF"Core/Src/bmp180.d" -MT"Core/Src/bmp180.o" --specs=nano.specs -mfpu=fpv4-sp-d16 -mfloat-abi=hard -mthumb -o "Core/Src/bmp180.o"
../Core/Src/bmp180.c: In function 'bmp180_read_temperature':
../Core/Src/bmp180.c:48:40: warning: passing argument 3 of 'HAL_I2C_Master_Transmit' makes pointer from integer without a cast [-Wint-conversion]
   48 |  HAL_I2C_Master_Transmit(&hi2c1, 0xF4, 0x2E, 2, HAL_MAX_DELAY);
      |                                        ^~~~
      |                                        |
      |                                        int
In file included from ../Core/Inc/stm32f4xx_hal_conf.h:363,
                 from ../Drivers/STM32F4xx_HAL_Driver/Inc/stm32f4xx_hal.h:29,
                 from ../Core/Inc/bmp180.h:11,
                 from ../Core/Src/bmp180.c:8:
../Drivers/STM32F4xx_HAL_Driver/Inc/stm32f4xx_hal_i2c.h:566:98: note: expected 'uint8_t *' {aka 'unsigned char *'} but argument is of type 'int'
  566 | HAL_StatusTypeDef HAL_I2C_Master_Transmit(I2C_HandleTypeDef *hi2c, uint16_t DevAddress, uint8_t *pData, uint16_t Size, uint32_t Timeout);
      |                                                                                         ~~~~~~~~~^~~~~
arm-none-eabi-gcc -o "weather_measurement.elf" @"objects.list"   -mcpu=cortex-m4 -T"C:\Users\LENOVO\Desktop\weather_station_ifttt\weather_measurement\STM32F407VGTX_FLASH.ld" --specs=nosys.specs -Wl,-Map="weather_measurement.map" -Wl,--gc-sections -static --specs=nano.specs -mfpu=fpv4-sp-d16 -mfloat-abi=hard -mthumb -Wl,--start-group -lc -lm -Wl,--end-group
Finished building target: weather_measurement.elf
 
arm-none-eabi-size   weather_measurement.elf 
arm-none-eabi-objdump -h -S  weather_measurement.elf  > "weather_measurement.list"
   text	   data	    bss	    dec	    hex	filename
  18316	     20	   1900	  20236	   4f0c	weather_measurement.elf
Finished building: default.size.stdout
 
Finished building: weather_measurement.list
 
12:13:45 **** Incremental Build of configuration Debug for project weather_measurement ****
make -j4 all 
arm-none-eabi-gcc "../Core/Src/bmp180.c" -mcpu=cortex-m4 -std=gnu11 -g3 -DDEBUG -DUSE_HAL_DRIVER -DSTM32F407xx -c -I../Core/Inc -I../Drivers/STM32F4xx_HAL_Driver/Inc -I../Drivers/STM32F4xx_HAL_Driver/Inc/Legacy -I../Drivers/CMSIS/Device/ST/STM32F4xx/Include -I../Drivers/CMSIS/Include -O0 -ffunction-sections -fdata-sections -Wall -fstack-usage -fcyclomatic-complexity -MMD -MP -MF"Core/Src/bmp180.d" -MT"Core/Src/bmp180.o" --specs=nano.specs -mfpu=fpv4-sp-d16 -mfloat-abi=hard -mthumb -o "Core/Src/bmp180.o"
../Core/Src/bmp180.c: In function 'bmp180_read_temperature':
../Core/Src/bmp180.c:48:40: error: invalid type argument of unary '*' (have 'int')
   48 |  HAL_I2C_Master_Transmit(&hi2c1, 0xF4, *0x2E, 1, HAL_MAX_DELAY);
      |                                        ^~~~~
make: *** [Core/Src/subdir.mk:40: Core/Src/bmp180.o] Error 1
"make -j4 all" terminated with exit code 2. Build might be incomplete.
12:13:49 **** Incremental Build of configuration Debug for project weather_measurement ****
make -j4 all 
arm-none-eabi-gcc "../Core/Src/bmp180.c" -mcpu=cortex-m4 -std=gnu11 -g3 -DDEBUG -DUSE_HAL_DRIVER -DSTM32F407xx -c -I../Core/Inc -I../Drivers/STM32F4xx_HAL_Driver/Inc -I../Drivers/STM32F4xx_HAL_Driver/Inc/Legacy -I../Drivers/CMSIS/Device/ST/STM32F4xx/Include -I../Drivers/CMSIS/Include -O0 -ffunction-sections -fdata-sections -Wall -fstack-usage -fcyclomatic-complexity -MMD -MP -MF"Core/Src/bmp180.d" -MT"Core/Src/bmp180.o" --specs=nano.specs -mfpu=fpv4-sp-d16 -mfloat-abi=hard -mthumb -o "Core/Src/bmp180.o"
../Core/Src/bmp180.c: In function 'bmp180_read_temperature':
../Core/Src/bmp180.c:48:40: warning: passing argument 3 of 'HAL_I2C_Master_Transmit' makes pointer from integer without a cast [-Wint-conversion]
   48 |  HAL_I2C_Master_Transmit(&hi2c1, 0xF4, 0x2E, 1, HAL_MAX_DELAY);
      |                                        ^~~~
      |                                        |
      |                                        int
In file included from ../Core/Inc/stm32f4xx_hal_conf.h:363,
                 from ../Drivers/STM32F4xx_HAL_Driver/Inc/stm32f4xx_hal.h:29,
                 from ../Core/Inc/bmp180.h:11,
                 from ../Core/Src/bmp180.c:8:
../Drivers/STM32F4xx_HAL_Driver/Inc/stm32f4xx_hal_i2c.h:566:98: note: expected 'uint8_t *' {aka 'unsigned char *'} but argument is of type 'int'
  566 | HAL_StatusTypeDef HAL_I2C_Master_Transmit(I2C_HandleTypeDef *hi2c, uint16_t DevAddress, uint8_t *pData, uint16_t Size, uint32_t Timeout);
      |                                                                                         ~~~~~~~~~^~~~~
arm-none-eabi-gcc -o "weather_measurement.elf" @"objects.list"   -mcpu=cortex-m4 -T"C:\Users\LENOVO\Desktop\weather_station_ifttt\weather_measurement\STM32F407VGTX_FLASH.ld" --specs=nosys.specs -Wl,-Map="weather_measurement.map" -Wl,--gc-sections -static --specs=nano.specs -mfpu=fpv4-sp-d16 -mfloat-abi=hard -mthumb -Wl,--start-group -lc -lm -Wl,--end-group
Finished building target: weather_measurement.elf
 
arm-none-eabi-size   weather_measurement.elf 
arm-none-eabi-objdump -h -S  weather_measurement.elf  > "weather_measurement.list"
   text	   data	    bss	    dec	    hex	filename
  18316	     20	   1900	  20236	   4f0c	weather_measurement.elf
Finished building: default.size.stdout
 
Finished building: weather_measurement.list
 
12:14:15 **** Incremental Build of configuration Debug for project weather_measurement ****
make -j4 all 
arm-none-eabi-gcc "../Core/Src/bmp180.c" -mcpu=cortex-m4 -std=gnu11 -g3 -DDEBUG -DUSE_HAL_DRIVER -DSTM32F407xx -c -I../Core/Inc -I../Drivers/STM32F4xx_HAL_Driver/Inc -I../Drivers/STM32F4xx_HAL_Driver/Inc/Legacy -I../Drivers/CMSIS/Device/ST/STM32F4xx/Include -I../Drivers/CMSIS/Include -O0 -ffunction-sections -fdata-sections -Wall -fstack-usage -fcyclomatic-complexity -MMD -MP -MF"Core/Src/bmp180.d" -MT"Core/Src/bmp180.o" --specs=nano.specs -mfpu=fpv4-sp-d16 -mfloat-abi=hard -mthumb -o "Core/Src/bmp180.o"
arm-none-eabi-gcc -o "weather_measurement.elf" @"objects.list"   -mcpu=cortex-m4 -T"C:\Users\LENOVO\Desktop\weather_station_ifttt\weather_measurement\STM32F407VGTX_FLASH.ld" --specs=nosys.specs -Wl,-Map="weather_measurement.map" -Wl,--gc-sections -static --specs=nano.specs -mfpu=fpv4-sp-d16 -mfloat-abi=hard -mthumb -Wl,--start-group -lc -lm -Wl,--end-group
Finished building target: weather_measurement.elf
 
arm-none-eabi-size   weather_measurement.elf 
arm-none-eabi-objdump -h -S  weather_measurement.elf  > "weather_measurement.list"
   text	   data	    bss	    dec	    hex	filename
  18320	     20	   1900	  20240	   4f10	weather_measurement.elf
Finished building: default.size.stdout
 
Finished building: weather_measurement.list
 
12:14:23 **** Incremental Build of configuration Debug for project weather_measurement ****
make -j4 all 
arm-none-eabi-size   weather_measurement.elf 
   text	   data	    bss	    dec	    hex	filename
  18320	     20	   1900	  20240	   4f10	weather_measurement.elf
Finished building: default.size.stdout
 
12:14:52 **** Incremental Build of configuration Debug for project weather_measurement ****
make -j4 all 
arm-none-eabi-gcc "../Core/Src/main.c" -mcpu=cortex-m4 -std=gnu11 -g3 -DDEBUG -DUSE_HAL_DRIVER -DSTM32F407xx -c -I../Core/Inc -I../Drivers/STM32F4xx_HAL_Driver/Inc -I../Drivers/STM32F4xx_HAL_Driver/Inc/Legacy -I../Drivers/CMSIS/Device/ST/STM32F4xx/Include -I../Drivers/CMSIS/Include -O0 -ffunction-sections -fdata-sections -Wall -fstack-usage -fcyclomatic-complexity -MMD -MP -MF"Core/Src/main.d" -MT"Core/Src/main.o" --specs=nano.specs -mfpu=fpv4-sp-d16 -mfloat-abi=hard -mthumb -o "Core/Src/main.o"
arm-none-eabi-gcc -o "weather_measurement.elf" @"objects.list"   -mcpu=cortex-m4 -T"C:\Users\LENOVO\Desktop\weather_station_ifttt\weather_measurement\STM32F407VGTX_FLASH.ld" --specs=nosys.specs -Wl,-Map="weather_measurement.map" -Wl,--gc-sections -static --specs=nano.specs -mfpu=fpv4-sp-d16 -mfloat-abi=hard -mthumb -Wl,--start-group -lc -lm -Wl,--end-group
Finished building target: weather_measurement.elf
 
arm-none-eabi-size   weather_measurement.elf 
arm-none-eabi-objdump -h -S  weather_measurement.elf  > "weather_measurement.list"
   text	   data	    bss	    dec	    hex	filename
  18320	     20	   1900	  20240	   4f10	weather_measurement.elf
Finished building: default.size.stdout
 
Finished building: weather_measurement.list
 
12:14:59 **** Incremental Build of configuration Debug for project weather_measurement ****
make -j4 all 
arm-none-eabi-gcc "../Core/Src/main.c" -mcpu=cortex-m4 -std=gnu11 -g3 -DDEBUG -DUSE_HAL_DRIVER -DSTM32F407xx -c -I../Core/Inc -I../Drivers/STM32F4xx_HAL_Driver/Inc -I../Drivers/STM32F4xx_HAL_Driver/Inc/Legacy -I../Drivers/CMSIS/Device/ST/STM32F4xx/Include -I../Drivers/CMSIS/Include -O0 -ffunction-sections -fdata-sections -Wall -fstack-usage -fcyclomatic-complexity -MMD -MP -MF"Core/Src/main.d" -MT"Core/Src/main.o" --specs=nano.specs -mfpu=fpv4-sp-d16 -mfloat-abi=hard -mthumb -o "Core/Src/main.o"
arm-none-eabi-gcc -o "weather_measurement.elf" @"objects.list"   -mcpu=cortex-m4 -T"C:\Users\LENOVO\Desktop\weather_station_ifttt\weather_measurement\STM32F407VGTX_FLASH.ld" --specs=nosys.specs -Wl,-Map="weather_measurement.map" -Wl,--gc-sections -static --specs=nano.specs -mfpu=fpv4-sp-d16 -mfloat-abi=hard -mthumb -Wl,--start-group -lc -lm -Wl,--end-group
Finished building target: weather_measurement.elf
 
arm-none-eabi-size   weather_measurement.elf 
arm-none-eabi-objdump -h -S  weather_measurement.elf  > "weather_measurement.list"
   text	   data	    bss	    dec	    hex	filename
  18320	     20	   1900	  20240	   4f10	weather_measurement.elf
Finished building: default.size.stdout
 
Finished building: weather_measurement.list
 
12:19:13 **** Incremental Build of configuration Debug for project weather_measurement ****
make -j4 all 
arm-none-eabi-gcc "../Core/Src/bmp180.c" -mcpu=cortex-m4 -std=gnu11 -g3 -DDEBUG -DUSE_HAL_DRIVER -DSTM32F407xx -c -I../Core/Inc -I../Drivers/STM32F4xx_HAL_Driver/Inc -I../Drivers/STM32F4xx_HAL_Driver/Inc/Legacy -I../Drivers/CMSIS/Device/ST/STM32F4xx/Include -I../Drivers/CMSIS/Include -O0 -ffunction-sections -fdata-sections -Wall -fstack-usage -fcyclomatic-complexity -MMD -MP -MF"Core/Src/bmp180.d" -MT"Core/Src/bmp180.o" --specs=nano.specs -mfpu=fpv4-sp-d16 -mfloat-abi=hard -mthumb -o "Core/Src/bmp180.o"
../Core/Src/bmp180.c: In function 'bmp180_read_temperature':
../Core/Src/bmp180.c:57:12: error: lvalue required as left operand of assignment
   57 |  (float)b5 = x1 + x2;
      |            ^
make: *** [Core/Src/subdir.mk:40: Core/Src/bmp180.o] Error 1
"make -j4 all" terminated with exit code 2. Build might be incomplete.
12:19:33 **** Incremental Build of configuration Debug for project weather_measurement ****
make -j4 all 
arm-none-eabi-gcc "../Core/Src/bmp180.c" -mcpu=cortex-m4 -std=gnu11 -g3 -DDEBUG -DUSE_HAL_DRIVER -DSTM32F407xx -c -I../Core/Inc -I../Drivers/STM32F4xx_HAL_Driver/Inc -I../Drivers/STM32F4xx_HAL_Driver/Inc/Legacy -I../Drivers/CMSIS/Device/ST/STM32F4xx/Include -I../Drivers/CMSIS/Include -O0 -ffunction-sections -fdata-sections -Wall -fstack-usage -fcyclomatic-complexity -MMD -MP -MF"Core/Src/bmp180.d" -MT"Core/Src/bmp180.o" --specs=nano.specs -mfpu=fpv4-sp-d16 -mfloat-abi=hard -mthumb -o "Core/Src/bmp180.o"
arm-none-eabi-gcc -o "weather_measurement.elf" @"objects.list"   -mcpu=cortex-m4 -T"C:\Users\LENOVO\Desktop\weather_station_ifttt\weather_measurement\STM32F407VGTX_FLASH.ld" --specs=nosys.specs -Wl,-Map="weather_measurement.map" -Wl,--gc-sections -static --specs=nano.specs -mfpu=fpv4-sp-d16 -mfloat-abi=hard -mthumb -Wl,--start-group -lc -lm -Wl,--end-group
Finished building target: weather_measurement.elf
 
arm-none-eabi-size   weather_measurement.elf 
arm-none-eabi-objdump -h -S  weather_measurement.elf  > "weather_measurement.list"
   text	   data	    bss	    dec	    hex	filename
  18368	     20	   1900	  20288	   4f40	weather_measurement.elf
Finished building: default.size.stdout
 
Finished building: weather_measurement.list
 
12:19:38 **** Incremental Build of configuration Debug for project weather_measurement ****
make -j4 all 
arm-none-eabi-size   weather_measurement.elf 
   text	   data	    bss	    dec	    hex	filename
  18368	     20	   1900	  20288	   4f40	weather_measurement.elf
Finished building: default.size.stdout
 
12:21:11 **** Incremental Build of configuration Debug for project weather_measurement ****
make -j4 all 
arm-none-eabi-gcc "../Core/Src/main.c" -mcpu=cortex-m4 -std=gnu11 -g3 -DDEBUG -DUSE_HAL_DRIVER -DSTM32F407xx -c -I../Core/Inc -I../Drivers/STM32F4xx_HAL_Driver/Inc -I../Drivers/STM32F4xx_HAL_Driver/Inc/Legacy -I../Drivers/CMSIS/Device/ST/STM32F4xx/Include -I../Drivers/CMSIS/Include -O0 -ffunction-sections -fdata-sections -Wall -fstack-usage -fcyclomatic-complexity -MMD -MP -MF"Core/Src/main.d" -MT"Core/Src/main.o" --specs=nano.specs -mfpu=fpv4-sp-d16 -mfloat-abi=hard -mthumb -o "Core/Src/main.o"
arm-none-eabi-gcc -o "weather_measurement.elf" @"objects.list"   -mcpu=cortex-m4 -T"C:\Users\LENOVO\Desktop\weather_station_ifttt\weather_measurement\STM32F407VGTX_FLASH.ld" --specs=nosys.specs -Wl,-Map="weather_measurement.map" -Wl,--gc-sections -static --specs=nano.specs -mfpu=fpv4-sp-d16 -mfloat-abi=hard -mthumb -Wl,--start-group -lc -lm -Wl,--end-group
Finished building target: weather_measurement.elf
 
arm-none-eabi-size   weather_measurement.elf 
arm-none-eabi-objdump -h -S  weather_measurement.elf  > "weather_measurement.list"
   text	   data	    bss	    dec	    hex	filename
  22732	    120	   1904	  24756	   60b4	weather_measurement.elf
Finished building: default.size.stdout
 
Finished building: weather_measurement.list
 
13:49:56 **** Incremental Build of configuration Debug for project weather_measurement ****
make -j4 all 
arm-none-eabi-gcc "../Core/Src/bmp180.c" -mcpu=cortex-m4 -std=gnu11 -g3 -DDEBUG -DUSE_HAL_DRIVER -DSTM32F407xx -c -I../Core/Inc -I../Drivers/STM32F4xx_HAL_Driver/Inc -I../Drivers/STM32F4xx_HAL_Driver/Inc/Legacy -I../Drivers/CMSIS/Device/ST/STM32F4xx/Include -I../Drivers/CMSIS/Include -O0 -ffunction-sections -fdata-sections -Wall -fstack-usage -fcyclomatic-complexity -MMD -MP -MF"Core/Src/bmp180.d" -MT"Core/Src/bmp180.o" --specs=nano.specs -mfpu=fpv4-sp-d16 -mfloat-abi=hard -mthumb -o "Core/Src/bmp180.o"
../Core/Src/bmp180.c: In function 'bmp180_read_pressure':
../Core/Src/bmp180.c:104:52: error: expected ';' before ')' token
  104 |  b3 =(((bmp180_calib.ac1 * 4 + x3) << oss) + 2) / 4);
      |                                                    ^
      |                                                    ;
../Core/Src/bmp180.c:104:52: error: expected statement before ')' token
make: *** [Core/Src/subdir.mk:40: Core/Src/bmp180.o] Error 1
"make -j4 all" terminated with exit code 2. Build might be incomplete.
13:50:17 **** Incremental Build of configuration Debug for project weather_measurement ****
make -j4 all 
arm-none-eabi-gcc "../Core/Src/bmp180.c" -mcpu=cortex-m4 -std=gnu11 -g3 -DDEBUG -DUSE_HAL_DRIVER -DSTM32F407xx -c -I../Core/Inc -I../Drivers/STM32F4xx_HAL_Driver/Inc -I../Drivers/STM32F4xx_HAL_Driver/Inc/Legacy -I../Drivers/CMSIS/Device/ST/STM32F4xx/Include -I../Drivers/CMSIS/Include -O0 -ffunction-sections -fdata-sections -Wall -fstack-usage -fcyclomatic-complexity -MMD -MP -MF"Core/Src/bmp180.d" -MT"Core/Src/bmp180.o" --specs=nano.specs -mfpu=fpv4-sp-d16 -mfloat-abi=hard -mthumb -o "Core/Src/bmp180.o"
arm-none-eabi-gcc -o "weather_measurement.elf" @"objects.list"   -mcpu=cortex-m4 -T"C:\Users\LENOVO\Desktop\weather_station_ifttt\weather_measurement\STM32F407VGTX_FLASH.ld" --specs=nosys.specs -Wl,-Map="weather_measurement.map" -Wl,--gc-sections -static --specs=nano.specs -mfpu=fpv4-sp-d16 -mfloat-abi=hard -mthumb -Wl,--start-group -lc -lm -Wl,--end-group
Finished building target: weather_measurement.elf
 
arm-none-eabi-size   weather_measurement.elf 
arm-none-eabi-objdump -h -S  weather_measurement.elf  > "weather_measurement.list"
   text	   data	    bss	    dec	    hex	filename
  22644	    120	   1904	  24668	   605c	weather_measurement.elf
Finished building: default.size.stdout
 
Finished building: weather_measurement.list
 
13:50:22 **** Incremental Build of configuration Debug for project weather_measurement ****
make -j4 all 
arm-none-eabi-size   weather_measurement.elf 
   text	   data	    bss	    dec	    hex	filename
  22644	    120	   1904	  24668	   605c	weather_measurement.elf
Finished building: default.size.stdout
 
13:51:22 **** Incremental Build of configuration Debug for project weather_measurement ****
make -j4 all 
arm-none-eabi-gcc "../Core/Src/main.c" -mcpu=cortex-m4 -std=gnu11 -g3 -DDEBUG -DUSE_HAL_DRIVER -DSTM32F407xx -c -I../Core/Inc -I../Drivers/STM32F4xx_HAL_Driver/Inc -I../Drivers/STM32F4xx_HAL_Driver/Inc/Legacy -I../Drivers/CMSIS/Device/ST/STM32F4xx/Include -I../Drivers/CMSIS/Include -O0 -ffunction-sections -fdata-sections -Wall -fstack-usage -fcyclomatic-complexity -MMD -MP -MF"Core/Src/main.d" -MT"Core/Src/main.o" --specs=nano.specs -mfpu=fpv4-sp-d16 -mfloat-abi=hard -mthumb -o "Core/Src/main.o"
arm-none-eabi-gcc -o "weather_measurement.elf" @"objects.list"   -mcpu=cortex-m4 -T"C:\Users\LENOVO\Desktop\weather_station_ifttt\weather_measurement\STM32F407VGTX_FLASH.ld" --specs=nosys.specs -Wl,-Map="weather_measurement.map" -Wl,--gc-sections -static --specs=nano.specs -mfpu=fpv4-sp-d16 -mfloat-abi=hard -mthumb -Wl,--start-group -lc -lm -Wl,--end-group
Finished building target: weather_measurement.elf
 
arm-none-eabi-size   weather_measurement.elf 
arm-none-eabi-objdump -h -S  weather_measurement.elf  > "weather_measurement.list"
   text	   data	    bss	    dec	    hex	filename
  22644	    120	   1904	  24668	   605c	weather_measurement.elf
Finished building: default.size.stdout
 
Finished building: weather_measurement.list
 
13:57:44 **** Incremental Build of configuration Debug for project weather_measurement ****
make -j4 all 
arm-none-eabi-gcc "../Core/Src/bmp180.c" -mcpu=cortex-m4 -std=gnu11 -g3 -DDEBUG -DUSE_HAL_DRIVER -DSTM32F407xx -c -I../Core/Inc -I../Drivers/STM32F4xx_HAL_Driver/Inc -I../Drivers/STM32F4xx_HAL_Driver/Inc/Legacy -I../Drivers/CMSIS/Device/ST/STM32F4xx/Include -I../Drivers/CMSIS/Include -O0 -ffunction-sections -fdata-sections -Wall -fstack-usage -fcyclomatic-complexity -MMD -MP -MF"Core/Src/bmp180.d" -MT"Core/Src/bmp180.o" --specs=nano.specs -mfpu=fpv4-sp-d16 -mfloat-abi=hard -mthumb -o "Core/Src/bmp180.o"
arm-none-eabi-gcc -o "weather_measurement.elf" @"objects.list"   -mcpu=cortex-m4 -T"C:\Users\LENOVO\Desktop\weather_station_ifttt\weather_measurement\STM32F407VGTX_FLASH.ld" --specs=nosys.specs -Wl,-Map="weather_measurement.map" -Wl,--gc-sections -static --specs=nano.specs -mfpu=fpv4-sp-d16 -mfloat-abi=hard -mthumb -Wl,--start-group -lc -lm -Wl,--end-group
Finished building target: weather_measurement.elf
 
arm-none-eabi-size   weather_measurement.elf 
arm-none-eabi-objdump -h -S  weather_measurement.elf  > "weather_measurement.list"
   text	   data	    bss	    dec	    hex	filename
  22644	    120	   1904	  24668	   605c	weather_measurement.elf
Finished building: default.size.stdout
 
Finished building: weather_measurement.list
 
13:59:48 **** Incremental Build of configuration Debug for project weather_measurement ****
make -j4 all 
arm-none-eabi-gcc "../Core/Src/bmp180.c" -mcpu=cortex-m4 -std=gnu11 -g3 -DDEBUG -DUSE_HAL_DRIVER -DSTM32F407xx -c -I../Core/Inc -I../Drivers/STM32F4xx_HAL_Driver/Inc -I../Drivers/STM32F4xx_HAL_Driver/Inc/Legacy -I../Drivers/CMSIS/Device/ST/STM32F4xx/Include -I../Drivers/CMSIS/Include -O0 -ffunction-sections -fdata-sections -Wall -fstack-usage -fcyclomatic-complexity -MMD -MP -MF"Core/Src/bmp180.d" -MT"Core/Src/bmp180.o" --specs=nano.specs -mfpu=fpv4-sp-d16 -mfloat-abi=hard -mthumb -o "Core/Src/bmp180.o"
../Core/Src/bmp180.c: In function 'bmp180_read_pressure':
../Core/Src/bmp180.c:117:27: error: invalid suffix "f" on integer constant
  117 |  return (float)(pressure /100f);
      |                           ^~~~
../Core/Src/bmp180.c:119:1: warning: control reaches end of non-void function [-Wreturn-type]
  119 | }
      | ^
make: *** [Core/Src/subdir.mk:40: Core/Src/bmp180.o] Error 1
"make -j4 all" terminated with exit code 2. Build might be incomplete.
14:00:00 **** Incremental Build of configuration Debug for project weather_measurement ****
make -j4 all 
arm-none-eabi-gcc "../Core/Src/bmp180.c" -mcpu=cortex-m4 -std=gnu11 -g3 -DDEBUG -DUSE_HAL_DRIVER -DSTM32F407xx -c -I../Core/Inc -I../Drivers/STM32F4xx_HAL_Driver/Inc -I../Drivers/STM32F4xx_HAL_Driver/Inc/Legacy -I../Drivers/CMSIS/Device/ST/STM32F4xx/Include -I../Drivers/CMSIS/Include -O0 -ffunction-sections -fdata-sections -Wall -fstack-usage -fcyclomatic-complexity -MMD -MP -MF"Core/Src/bmp180.d" -MT"Core/Src/bmp180.o" --specs=nano.specs -mfpu=fpv4-sp-d16 -mfloat-abi=hard -mthumb -o "Core/Src/bmp180.o"
arm-none-eabi-gcc -o "weather_measurement.elf" @"objects.list"   -mcpu=cortex-m4 -T"C:\Users\LENOVO\Desktop\weather_station_ifttt\weather_measurement\STM32F407VGTX_FLASH.ld" --specs=nosys.specs -Wl,-Map="weather_measurement.map" -Wl,--gc-sections -static --specs=nano.specs -mfpu=fpv4-sp-d16 -mfloat-abi=hard -mthumb -Wl,--start-group -lc -lm -Wl,--end-group
Finished building target: weather_measurement.elf
 
arm-none-eabi-size   weather_measurement.elf 
arm-none-eabi-objdump -h -S  weather_measurement.elf  > "weather_measurement.list"
   text	   data	    bss	    dec	    hex	filename
  22660	    120	   1904	  24684	   606c	weather_measurement.elf
Finished building: default.size.stdout
 
Finished building: weather_measurement.list
 
14:00:05 **** Incremental Build of configuration Debug for project weather_measurement ****
make -j4 all 
arm-none-eabi-size   weather_measurement.elf 
   text	   data	    bss	    dec	    hex	filename
  22660	    120	   1904	  24684	   606c	weather_measurement.elf
Finished building: default.size.stdout
 
14:08:53 **** Incremental Build of configuration Debug for project weather_measurement ****
make -j4 all 
arm-none-eabi-gcc "../Core/Src/bmp180.c" -mcpu=cortex-m4 -std=gnu11 -g3 -DDEBUG -DUSE_HAL_DRIVER -DSTM32F407xx -c -I../Core/Inc -I../Drivers/STM32F4xx_HAL_Driver/Inc -I../Drivers/STM32F4xx_HAL_Driver/Inc/Legacy -I../Drivers/CMSIS/Device/ST/STM32F4xx/Include -I../Drivers/CMSIS/Include -O0 -ffunction-sections -fdata-sections -Wall -fstack-usage -fcyclomatic-complexity -MMD -MP -MF"Core/Src/bmp180.d" -MT"Core/Src/bmp180.o" --specs=nano.specs -mfpu=fpv4-sp-d16 -mfloat-abi=hard -mthumb -o "Core/Src/bmp180.o"
../Core/Src/bmp180.c: In function 'bmp180_read_pressure':
../Core/Src/bmp180.c:105:19: error: invalid type argument of '->' (have 'BMP180_Calibration_Data')
  105 |  x1 = bmp180_calib->ac3 * b6 / pow(2, 13);
      |                   ^~
make: *** [Core/Src/subdir.mk:40: Core/Src/bmp180.o] Error 1
"make -j4 all" terminated with exit code 2. Build might be incomplete.
14:09:07 **** Incremental Build of configuration Debug for project weather_measurement ****
make -j4 all 
arm-none-eabi-gcc "../Core/Src/bmp180.c" -mcpu=cortex-m4 -std=gnu11 -g3 -DDEBUG -DUSE_HAL_DRIVER -DSTM32F407xx -c -I../Core/Inc -I../Drivers/STM32F4xx_HAL_Driver/Inc -I../Drivers/STM32F4xx_HAL_Driver/Inc/Legacy -I../Drivers/CMSIS/Device/ST/STM32F4xx/Include -I../Drivers/CMSIS/Include -O0 -ffunction-sections -fdata-sections -Wall -fstack-usage -fcyclomatic-complexity -MMD -MP -MF"Core/Src/bmp180.d" -MT"Core/Src/bmp180.o" --specs=nano.specs -mfpu=fpv4-sp-d16 -mfloat-abi=hard -mthumb -o "Core/Src/bmp180.o"
arm-none-eabi-gcc -o "weather_measurement.elf" @"objects.list"   -mcpu=cortex-m4 -T"C:\Users\LENOVO\Desktop\weather_station_ifttt\weather_measurement\STM32F407VGTX_FLASH.ld" --specs=nosys.specs -Wl,-Map="weather_measurement.map" -Wl,--gc-sections -static --specs=nano.specs -mfpu=fpv4-sp-d16 -mfloat-abi=hard -mthumb -Wl,--start-group -lc -lm -Wl,--end-group
Finished building target: weather_measurement.elf
 
arm-none-eabi-size   weather_measurement.elf 
arm-none-eabi-objdump -h -S  weather_measurement.elf  > "weather_measurement.list"
   text	   data	    bss	    dec	    hex	filename
  22660	    120	   1904	  24684	   606c	weather_measurement.elf
Finished building: default.size.stdout
 
Finished building: weather_measurement.list
 
14:18:51 **** Incremental Build of configuration Debug for project weather_measurement ****
make -j4 all 
arm-none-eabi-gcc "../Core/Src/main.c" -mcpu=cortex-m4 -std=gnu11 -g3 -DDEBUG -DUSE_HAL_DRIVER -DSTM32F407xx -c -I../Core/Inc -I../Drivers/STM32F4xx_HAL_Driver/Inc -I../Drivers/STM32F4xx_HAL_Driver/Inc/Legacy -I../Drivers/CMSIS/Device/ST/STM32F4xx/Include -I../Drivers/CMSIS/Include -O0 -ffunction-sections -fdata-sections -Wall -fstack-usage -fcyclomatic-complexity -MMD -MP -MF"Core/Src/main.d" -MT"Core/Src/main.o" --specs=nano.specs -mfpu=fpv4-sp-d16 -mfloat-abi=hard -mthumb -o "Core/Src/main.o"
arm-none-eabi-gcc -o "weather_measurement.elf" @"objects.list"   -mcpu=cortex-m4 -T"C:\Users\LENOVO\Desktop\weather_station_ifttt\weather_measurement\STM32F407VGTX_FLASH.ld" --specs=nosys.specs -Wl,-Map="weather_measurement.map" -Wl,--gc-sections -static --specs=nano.specs -mfpu=fpv4-sp-d16 -mfloat-abi=hard -mthumb -Wl,--start-group -lc -lm -Wl,--end-group
Finished building target: weather_measurement.elf
 
arm-none-eabi-size   weather_measurement.elf 
arm-none-eabi-objdump -h -S  weather_measurement.elf  > "weather_measurement.list"
   text	   data	    bss	    dec	    hex	filename
  22660	    120	   1904	  24684	   606c	weather_measurement.elf
Finished building: default.size.stdout
 
Finished building: weather_measurement.list
 
15:07:42 **** Incremental Build of configuration Debug for project weather_measurement ****
make -j4 all 
arm-none-eabi-gcc "../Core/Src/bmp180.c" -mcpu=cortex-m4 -std=gnu11 -g3 -DDEBUG -DUSE_HAL_DRIVER -DSTM32F407xx -c -I../Core/Inc -I../Drivers/STM32F4xx_HAL_Driver/Inc -I../Drivers/STM32F4xx_HAL_Driver/Inc/Legacy -I../Drivers/CMSIS/Device/ST/STM32F4xx/Include -I../Drivers/CMSIS/Include -O0 -ffunction-sections -fdata-sections -Wall -fstack-usage -fcyclomatic-complexity -MMD -MP -MF"Core/Src/bmp180.d" -MT"Core/Src/bmp180.o" --specs=nano.specs -mfpu=fpv4-sp-d16 -mfloat-abi=hard -mthumb -o "Core/Src/bmp180.o"
arm-none-eabi-gcc -o "weather_measurement.elf" @"objects.list"   -mcpu=cortex-m4 -T"C:\Users\LENOVO\Desktop\weather_station_ifttt\weather_measurement\STM32F407VGTX_FLASH.ld" --specs=nosys.specs -Wl,-Map="weather_measurement.map" -Wl,--gc-sections -static --specs=nano.specs -mfpu=fpv4-sp-d16 -mfloat-abi=hard -mthumb -Wl,--start-group -lc -lm -Wl,--end-group
Finished building target: weather_measurement.elf
 
arm-none-eabi-size   weather_measurement.elf 
arm-none-eabi-objdump -h -S  weather_measurement.elf  > "weather_measurement.list"
   text	   data	    bss	    dec	    hex	filename
  22660	    120	   1904	  24684	   606c	weather_measurement.elf
Finished building: default.size.stdout
 
Finished building: weather_measurement.list
 
15:08:35 **** Incremental Build of configuration Debug for project weather_measurement ****
make -j4 all 
arm-none-eabi-gcc "../Core/Src/bmp180.c" -mcpu=cortex-m4 -std=gnu11 -g3 -DDEBUG -DUSE_HAL_DRIVER -DSTM32F407xx -c -I../Core/Inc -I../Drivers/STM32F4xx_HAL_Driver/Inc -I../Drivers/STM32F4xx_HAL_Driver/Inc/Legacy -I../Drivers/CMSIS/Device/ST/STM32F4xx/Include -I../Drivers/CMSIS/Include -O0 -ffunction-sections -fdata-sections -Wall -fstack-usage -fcyclomatic-complexity -MMD -MP -MF"Core/Src/bmp180.d" -MT"Core/Src/bmp180.o" --specs=nano.specs -mfpu=fpv4-sp-d16 -mfloat-abi=hard -mthumb -o "Core/Src/bmp180.o"
arm-none-eabi-gcc -o "weather_measurement.elf" @"objects.list"   -mcpu=cortex-m4 -T"C:\Users\LENOVO\Desktop\weather_station_ifttt\weather_measurement\STM32F407VGTX_FLASH.ld" --specs=nosys.specs -Wl,-Map="weather_measurement.map" -Wl,--gc-sections -static --specs=nano.specs -mfpu=fpv4-sp-d16 -mfloat-abi=hard -mthumb -Wl,--start-group -lc -lm -Wl,--end-group
Finished building target: weather_measurement.elf
 
arm-none-eabi-size   weather_measurement.elf 
arm-none-eabi-objdump -h -S  weather_measurement.elf  > "weather_measurement.list"
   text	   data	    bss	    dec	    hex	filename
  22660	    120	   1904	  24684	   606c	weather_measurement.elf
Finished building: default.size.stdout
 
Finished building: weather_measurement.list
 
15:09:00 **** Incremental Build of configuration Debug for project weather_measurement ****
make -j4 all 
arm-none-eabi-gcc "../Core/Src/bmp180.c" -mcpu=cortex-m4 -std=gnu11 -g3 -DDEBUG -DUSE_HAL_DRIVER -DSTM32F407xx -c -I../Core/Inc -I../Drivers/STM32F4xx_HAL_Driver/Inc -I../Drivers/STM32F4xx_HAL_Driver/Inc/Legacy -I../Drivers/CMSIS/Device/ST/STM32F4xx/Include -I../Drivers/CMSIS/Include -O0 -ffunction-sections -fdata-sections -Wall -fstack-usage -fcyclomatic-complexity -MMD -MP -MF"Core/Src/bmp180.d" -MT"Core/Src/bmp180.o" --specs=nano.specs -mfpu=fpv4-sp-d16 -mfloat-abi=hard -mthumb -o "Core/Src/bmp180.o"
arm-none-eabi-gcc -o "weather_measurement.elf" @"objects.list"   -mcpu=cortex-m4 -T"C:\Users\LENOVO\Desktop\weather_station_ifttt\weather_measurement\STM32F407VGTX_FLASH.ld" --specs=nosys.specs -Wl,-Map="weather_measurement.map" -Wl,--gc-sections -static --specs=nano.specs -mfpu=fpv4-sp-d16 -mfloat-abi=hard -mthumb -Wl,--start-group -lc -lm -Wl,--end-group
Finished building target: weather_measurement.elf
 
arm-none-eabi-size   weather_measurement.elf 
arm-none-eabi-objdump -h -S  weather_measurement.elf  > "weather_measurement.list"
   text	   data	    bss	    dec	    hex	filename
  22660	    120	   1904	  24684	   606c	weather_measurement.elf
Finished building: default.size.stdout
 
Finished building: weather_measurement.list
 
15:13:59 **** Incremental Build of configuration Debug for project weather_measurement ****
make -j4 all 
arm-none-eabi-gcc "../Core/Src/bmp180.c" -mcpu=cortex-m4 -std=gnu11 -g3 -DDEBUG -DUSE_HAL_DRIVER -DSTM32F407xx -c -I../Core/Inc -I../Drivers/STM32F4xx_HAL_Driver/Inc -I../Drivers/STM32F4xx_HAL_Driver/Inc/Legacy -I../Drivers/CMSIS/Device/ST/STM32F4xx/Include -I../Drivers/CMSIS/Include -O0 -ffunction-sections -fdata-sections -Wall -fstack-usage -fcyclomatic-complexity -MMD -MP -MF"Core/Src/bmp180.d" -MT"Core/Src/bmp180.o" --specs=nano.specs -mfpu=fpv4-sp-d16 -mfloat-abi=hard -mthumb -o "Core/Src/bmp180.o"
arm-none-eabi-gcc -o "weather_measurement.elf" @"objects.list"   -mcpu=cortex-m4 -T"C:\Users\LENOVO\Desktop\weather_station_ifttt\weather_measurement\STM32F407VGTX_FLASH.ld" --specs=nosys.specs -Wl,-Map="weather_measurement.map" -Wl,--gc-sections -static --specs=nano.specs -mfpu=fpv4-sp-d16 -mfloat-abi=hard -mthumb -Wl,--start-group -lc -lm -Wl,--end-group
Finished building target: weather_measurement.elf
 
arm-none-eabi-size   weather_measurement.elf 
arm-none-eabi-objdump -h -S  weather_measurement.elf  > "weather_measurement.list"
   text	   data	    bss	    dec	    hex	filename
  22692	    120	   1928	  24740	   60a4	weather_measurement.elf
Finished building: default.size.stdout
 
Finished building: weather_measurement.list
 
15:14:07 **** Incremental Build of configuration Debug for project weather_measurement ****
make -j4 all 
arm-none-eabi-size   weather_measurement.elf 
   text	   data	    bss	    dec	    hex	filename
  22692	    120	   1928	  24740	   60a4	weather_measurement.elf
Finished building: default.size.stdout
 
15:14:52 **** Incremental Build of configuration Debug for project weather_measurement ****
make -j4 all 
arm-none-eabi-size   weather_measurement.elf 
   text	   data	    bss	    dec	    hex	filename
  22692	    120	   1928	  24740	   60a4	weather_measurement.elf
Finished building: default.size.stdout
 
15:15:28 **** Incremental Build of configuration Debug for project weather_measurement ****
make -j4 all 
arm-none-eabi-size   weather_measurement.elf 
   text	   data	    bss	    dec	    hex	filename
  22692	    120	   1928	  24740	   60a4	weather_measurement.elf
Finished building: default.size.stdout
 
15:15:56 **** Incremental Build of configuration Debug for project weather_measurement ****
make -j4 all 
arm-none-eabi-gcc "../Core/Src/bmp180.c" -mcpu=cortex-m4 -std=gnu11 -g3 -DDEBUG -DUSE_HAL_DRIVER -DSTM32F407xx -c -I../Core/Inc -I../Drivers/STM32F4xx_HAL_Driver/Inc -I../Drivers/STM32F4xx_HAL_Driver/Inc/Legacy -I../Drivers/CMSIS/Device/ST/STM32F4xx/Include -I../Drivers/CMSIS/Include -O0 -ffunction-sections -fdata-sections -Wall -fstack-usage -fcyclomatic-complexity -MMD -MP -MF"Core/Src/bmp180.d" -MT"Core/Src/bmp180.o" --specs=nano.specs -mfpu=fpv4-sp-d16 -mfloat-abi=hard -mthumb -o "Core/Src/bmp180.o"
arm-none-eabi-gcc -o "weather_measurement.elf" @"objects.list"   -mcpu=cortex-m4 -T"C:\Users\LENOVO\Desktop\weather_station_ifttt\weather_measurement\STM32F407VGTX_FLASH.ld" --specs=nosys.specs -Wl,-Map="weather_measurement.map" -Wl,--gc-sections -static --specs=nano.specs -mfpu=fpv4-sp-d16 -mfloat-abi=hard -mthumb -Wl,--start-group -lc -lm -Wl,--end-group
Finished building target: weather_measurement.elf
 
arm-none-eabi-size   weather_measurement.elf 
arm-none-eabi-objdump -h -S  weather_measurement.elf  > "weather_measurement.list"
   text	   data	    bss	    dec	    hex	filename
  22660	    120	   1904	  24684	   606c	weather_measurement.elf
Finished building: default.size.stdout
 
Finished building: weather_measurement.list
 
15:42:14 **** Incremental Build of configuration Debug for project weather_measurement ****
make -j4 all 
arm-none-eabi-gcc "../Core/Src/bmp180.c" -mcpu=cortex-m4 -std=gnu11 -g3 -DDEBUG -DUSE_HAL_DRIVER -DSTM32F407xx -c -I../Core/Inc -I../Drivers/STM32F4xx_HAL_Driver/Inc -I../Drivers/STM32F4xx_HAL_Driver/Inc/Legacy -I../Drivers/CMSIS/Device/ST/STM32F4xx/Include -I../Drivers/CMSIS/Include -O0 -ffunction-sections -fdata-sections -Wall -fstack-usage -fcyclomatic-complexity -MMD -MP -MF"Core/Src/bmp180.d" -MT"Core/Src/bmp180.o" --specs=nano.specs -mfpu=fpv4-sp-d16 -mfloat-abi=hard -mthumb -o "Core/Src/bmp180.o"
arm-none-eabi-gcc -o "weather_measurement.elf" @"objects.list"   -mcpu=cortex-m4 -T"C:\Users\LENOVO\Desktop\weather_station_ifttt\weather_measurement\STM32F407VGTX_FLASH.ld" --specs=nosys.specs -Wl,-Map="weather_measurement.map" -Wl,--gc-sections -static --specs=nano.specs -mfpu=fpv4-sp-d16 -mfloat-abi=hard -mthumb -Wl,--start-group -lc -lm -Wl,--end-group
Finished building target: weather_measurement.elf
 
arm-none-eabi-size   weather_measurement.elf 
arm-none-eabi-objdump -h -S  weather_measurement.elf  > "weather_measurement.list"
   text	   data	    bss	    dec	    hex	filename
  22660	    120	   1904	  24684	   606c	weather_measurement.elf
Finished building: default.size.stdout
 
Finished building: weather_measurement.list
 
16:08:49 **** Incremental Build of configuration Debug for project weather_measurement ****
make -j4 all 
arm-none-eabi-gcc "../Core/Src/main.c" -mcpu=cortex-m4 -std=gnu11 -g3 -DDEBUG -DUSE_HAL_DRIVER -DSTM32F407xx -c -I../Core/Inc -I../Drivers/STM32F4xx_HAL_Driver/Inc -I../Drivers/STM32F4xx_HAL_Driver/Inc/Legacy -I../Drivers/CMSIS/Device/ST/STM32F4xx/Include -I../Drivers/CMSIS/Include -O0 -ffunction-sections -fdata-sections -Wall -fstack-usage -fcyclomatic-complexity -MMD -MP -MF"Core/Src/main.d" -MT"Core/Src/main.o" --specs=nano.specs -mfpu=fpv4-sp-d16 -mfloat-abi=hard -mthumb -o "Core/Src/main.o"
arm-none-eabi-gcc -o "weather_measurement.elf" @"objects.list"   -mcpu=cortex-m4 -T"C:\Users\LENOVO\Desktop\weather_station_ifttt\weather_measurement\STM32F407VGTX_FLASH.ld" --specs=nosys.specs -Wl,-Map="weather_measurement.map" -Wl,--gc-sections -static --specs=nano.specs -mfpu=fpv4-sp-d16 -mfloat-abi=hard -mthumb -Wl,--start-group -lc -lm -Wl,--end-group
Finished building target: weather_measurement.elf
 
arm-none-eabi-size   weather_measurement.elf 
[...]
Finished building target: weather_measurement.elf
 
arm-none-eabi-size   weather_measurement.elf 
arm-none-eabi-objdump -h -S  weather_measurement.elf  > "weather_measurement.list"
   text	   data	    bss	    dec	    hex	filename
  40956	    488	   2008	  43452	   a9bc	weather_measurement.elf
Finished building: default.size.stdout
 
Finished building: weather_measurement.list
 
15:36:29 **** Incremental Build of configuration Debug for project weather_measurement ****
make -j4 all 
arm-none-eabi-gcc "../Core/Src/main.c" -mcpu=cortex-m4 -std=gnu11 -g3 -DDEBUG -DUSE_HAL_DRIVER -DSTM32F407xx -c -I../Core/Inc -I../Drivers/STM32F4xx_HAL_Driver/Inc -I../Drivers/STM32F4xx_HAL_Driver/Inc/Legacy -I../Drivers/CMSIS/Device/ST/STM32F4xx/Include -I../Drivers/CMSIS/Include -O0 -ffunction-sections -fdata-sections -Wall -fstack-usage -fcyclomatic-complexity -MMD -MP -MF"Core/Src/main.d" -MT"Core/Src/main.o" --specs=nano.specs -mfpu=fpv4-sp-d16 -mfloat-abi=hard -mthumb -o "Core/Src/main.o"
arm-none-eabi-gcc -o "weather_measurement.elf" @"objects.list"   -mcpu=cortex-m4 -T"C:\Users\LENOVO\Desktop\weather_station_ifttt\weather_measurement\STM32F407VGTX_FLASH.ld" --specs=nosys.specs -Wl,-Map="weather_measurement.map" -Wl,--gc-sections -static --specs=nano.specs -mfpu=fpv4-sp-d16 -mfloat-abi=hard -mthumb -u _printf_float -u _scanf_float -Wl,--start-group -lc -lm -Wl,--end-group
Finished building target: weather_measurement.elf
 
arm-none-eabi-size   weather_measurement.elf 
arm-none-eabi-objdump -h -S  weather_measurement.elf  > "weather_measurement.list"
   text	   data	    bss	    dec	    hex	filename
  40972	    488	   2008	  43468	   a9cc	weather_measurement.elf
Finished building: default.size.stdout
 
Finished building: weather_measurement.list
 
15:38:23 **** Incremental Build of configuration Debug for project weather_measurement ****
make -j4 all 
arm-none-eabi-gcc "../Core/Src/main.c" -mcpu=cortex-m4 -std=gnu11 -g3 -DDEBUG -DUSE_HAL_DRIVER -DSTM32F407xx -c -I../Core/Inc -I../Drivers/STM32F4xx_HAL_Driver/Inc -I../Drivers/STM32F4xx_HAL_Driver/Inc/Legacy -I../Drivers/CMSIS/Device/ST/STM32F4xx/Include -I../Drivers/CMSIS/Include -O0 -ffunction-sections -fdata-sections -Wall -fstack-usage -fcyclomatic-complexity -MMD -MP -MF"Core/Src/main.d" -MT"Core/Src/main.o" --specs=nano.specs -mfpu=fpv4-sp-d16 -mfloat-abi=hard -mthumb -o "Core/Src/main.o"
arm-none-eabi-gcc -o "weather_measurement.elf" @"objects.list"   -mcpu=cortex-m4 -T"C:\Users\LENOVO\Desktop\weather_station_ifttt\weather_measurement\STM32F407VGTX_FLASH.ld" --specs=nosys.specs -Wl,-Map="weather_measurement.map" -Wl,--gc-sections -static --specs=nano.specs -mfpu=fpv4-sp-d16 -mfloat-abi=hard -mthumb -u _printf_float -u _scanf_float -Wl,--start-group -lc -lm -Wl,--end-group
Finished building target: weather_measurement.elf
 
arm-none-eabi-size   weather_measurement.elf 
arm-none-eabi-objdump -h -S  weather_measurement.elf  > "weather_measurement.list"
   text	   data	    bss	    dec	    hex	filename
  40972	    488	   2008	  43468	   a9cc	weather_measurement.elf
Finished building: default.size.stdout
 
Finished building: weather_measurement.list
 
15:39:30 **** Incremental Build of configuration Debug for project weather_measurement ****
make -j4 all 
arm-none-eabi-gcc "../Core/Src/main.c" -mcpu=cortex-m4 -std=gnu11 -g3 -DDEBUG -DUSE_HAL_DRIVER -DSTM32F407xx -c -I../Core/Inc -I../Drivers/STM32F4xx_HAL_Driver/Inc -I../Drivers/STM32F4xx_HAL_Driver/Inc/Legacy -I../Drivers/CMSIS/Device/ST/STM32F4xx/Include -I../Drivers/CMSIS/Include -O0 -ffunction-sections -fdata-sections -Wall -fstack-usage -fcyclomatic-complexity -MMD -MP -MF"Core/Src/main.d" -MT"Core/Src/main.o" --specs=nano.specs -mfpu=fpv4-sp-d16 -mfloat-abi=hard -mthumb -o "Core/Src/main.o"
arm-none-eabi-gcc -o "weather_measurement.elf" @"objects.list"   -mcpu=cortex-m4 -T"C:\Users\LENOVO\Desktop\weather_station_ifttt\weather_measurement\STM32F407VGTX_FLASH.ld" --specs=nosys.specs -Wl,-Map="weather_measurement.map" -Wl,--gc-sections -static --specs=nano.specs -mfpu=fpv4-sp-d16 -mfloat-abi=hard -mthumb -u _printf_float -u _scanf_float -Wl,--start-group -lc -lm -Wl,--end-group
Finished building target: weather_measurement.elf
 
arm-none-eabi-size   weather_measurement.elf 
arm-none-eabi-objdump -h -S  weather_measurement.elf  > "weather_measurement.list"
   text	   data	    bss	    dec	    hex	filename
  40972	    488	   2008	  43468	   a9cc	weather_measurement.elf
Finished building: default.size.stdout
 
Finished building: weather_measurement.list
 
15:45:07 **** Incremental Build of configuration Debug for project weather_measurement ****
make -j4 all 
arm-none-eabi-gcc "../Core/Src/main.c" -mcpu=cortex-m4 -std=gnu11 -g3 -DDEBUG -DUSE_HAL_DRIVER -DSTM32F407xx -c -I../Core/Inc -I../Drivers/STM32F4xx_HAL_Driver/Inc -I../Drivers/STM32F4xx_HAL_Driver/Inc/Legacy -I../Drivers/CMSIS/Device/ST/STM32F4xx/Include -I../Drivers/CMSIS/Include -O0 -ffunction-sections -fdata-sections -Wall -fstack-usage -fcyclomatic-complexity -MMD -MP -MF"Core/Src/main.d" -MT"Core/Src/main.o" --specs=nano.specs -mfpu=fpv4-sp-d16 -mfloat-abi=hard -mthumb -o "Core/Src/main.o"
arm-none-eabi-gcc -o "weather_measurement.elf" @"objects.list"   -mcpu=cortex-m4 -T"C:\Users\LENOVO\Desktop\weather_station_ifttt\weather_measurement\STM32F407VGTX_FLASH.ld" --specs=nosys.specs -Wl,-Map="weather_measurement.map" -Wl,--gc-sections -static --specs=nano.specs -mfpu=fpv4-sp-d16 -mfloat-abi=hard -mthumb -u _printf_float -u _scanf_float -Wl,--start-group -lc -lm -Wl,--end-group
Finished building target: weather_measurement.elf
 
arm-none-eabi-size   weather_measurement.elf 
arm-none-eabi-objdump -h -S  weather_measurement.elf  > "weather_measurement.list"
   text	   data	    bss	    dec	    hex	filename
  40972	    488	   2008	  43468	   a9cc	weather_measurement.elf
Finished building: default.size.stdout
 
Finished building: weather_measurement.list
 
15:45:22 **** Incremental Build of configuration Debug for project weather_measurement ****
make -j4 all 
arm-none-eabi-size   weather_measurement.elf 
   text	   data	    bss	    dec	    hex	filename
  40972	    488	   2008	  43468	   a9cc	weather_measurement.elf
Finished building: default.size.stdout
 
15:48:58 **** Incremental Build of configuration Debug for project weather_measurement ****
make -j4 all 
arm-none-eabi-gcc "../Core/Src/dht11.c" -mcpu=cortex-m4 -std=gnu11 -g3 -DDEBUG -DUSE_HAL_DRIVER -DSTM32F407xx -c -I../Core/Inc -I../Drivers/STM32F4xx_HAL_Driver/Inc -I../Drivers/STM32F4xx_HAL_Driver/Inc/Legacy -I../Drivers/CMSIS/Device/ST/STM32F4xx/Include -I../Drivers/CMSIS/Include -O0 -ffunction-sections -fdata-sections -Wall -fstack-usage -fcyclomatic-complexity -MMD -MP -MF"Core/Src/dht11.d" -MT"Core/Src/dht11.o" --specs=nano.specs -mfpu=fpv4-sp-d16 -mfloat-abi=hard -mthumb -o "Core/Src/dht11.o"
arm-none-eabi-gcc "../Core/Src/main.c" -mcpu=cortex-m4 -std=gnu11 -g3 -DDEBUG -DUSE_HAL_DRIVER -DSTM32F407xx -c -I../Core/Inc -I../Drivers/STM32F4xx_HAL_Driver/Inc -I../Drivers/STM32F4xx_HAL_Driver/Inc/Legacy -I../Drivers/CMSIS/Device/ST/STM32F4xx/Include -I../Drivers/CMSIS/Include -O0 -ffunction-sections -fdata-sections -Wall -fstack-usage -fcyclomatic-complexity -MMD -MP -MF"Core/Src/main.d" -MT"Core/Src/main.o" --specs=nano.specs -mfpu=fpv4-sp-d16 -mfloat-abi=hard -mthumb -o "Core/Src/main.o"
arm-none-eabi-gcc "../Core/Src/stm32f4xx_hal_msp.c" -mcpu=cortex-m4 -std=gnu11 -g3 -DDEBUG -DUSE_HAL_DRIVER -DSTM32F407xx -c -I../Core/Inc -I../Drivers/STM32F4xx_HAL_Driver/Inc -I../Drivers/STM32F4xx_HAL_Driver/Inc/Legacy -I../Drivers/CMSIS/Device/ST/STM32F4xx/Include -I../Drivers/CMSIS/Include -O0 -ffunction-sections -fdata-sections -Wall -fstack-usage -fcyclomatic-complexity -MMD -MP -MF"Core/Src/stm32f4xx_hal_msp.d" -MT"Core/Src/stm32f4xx_hal_msp.o" --specs=nano.specs -mfpu=fpv4-sp-d16 -mfloat-abi=hard -mthumb -o "Core/Src/stm32f4xx_hal_msp.o"
arm-none-eabi-gcc "../Core/Src/stm32f4xx_it.c" -mcpu=cortex-m4 -std=gnu11 -g3 -DDEBUG -DUSE_HAL_DRIVER -DSTM32F407xx -c -I../Core/Inc -I../Drivers/STM32F4xx_HAL_Driver/Inc -I../Drivers/STM32F4xx_HAL_Driver/Inc/Legacy -I../Drivers/CMSIS/Device/ST/STM32F4xx/Include -I../Drivers/CMSIS/Include -O0 -ffunction-sections -fdata-sections -Wall -fstack-usage -fcyclomatic-complexity -MMD -MP -MF"Core/Src/stm32f4xx_it.d" -MT"Core/Src/stm32f4xx_it.o" --specs=nano.specs -mfpu=fpv4-sp-d16 -mfloat-abi=hard -mthumb -o "Core/Src/stm32f4xx_it.o"
arm-none-eabi-gcc -o "weather_measurement.elf" @"objects.list"   -mcpu=cortex-m4 -T"C:\Users\LENOVO\Desktop\weather_station_ifttt\weather_measurement\STM32F407VGTX_FLASH.ld" --specs=nosys.specs -Wl,-Map="weather_measurement.map" -Wl,--gc-sections -static --specs=nano.specs -mfpu=fpv4-sp-d16 -mfloat-abi=hard -mthumb -u _printf_float -u _scanf_float -Wl,--start-group -lc -lm -Wl,--end-group
Finished building target: weather_measurement.elf
 
arm-none-eabi-size   weather_measurement.elf 
arm-none-eabi-objdump -h -S  weather_measurement.elf  > "weather_measurement.list"
   text	   data	    bss	    dec	    hex	filename
  40876	    488	   2008	  43372	   a96c	weather_measurement.elf
Finished building: default.size.stdout
 
Finished building: weather_measurement.list
 
15:52:05 **** Incremental Build of configuration Debug for project weather_measurement ****
make -j4 all 
arm-none-eabi-gcc "../Core/Src/main.c" -mcpu=cortex-m4 -std=gnu11 -g3 -DDEBUG -DUSE_HAL_DRIVER -DSTM32F407xx -c -I../Core/Inc -I../Drivers/STM32F4xx_HAL_Driver/Inc -I../Drivers/STM32F4xx_HAL_Driver/Inc/Legacy -I../Drivers/CMSIS/Device/ST/STM32F4xx/Include -I../Drivers/CMSIS/Include -O0 -ffunction-sections -fdata-sections -Wall -fstack-usage -fcyclomatic-complexity -MMD -MP -MF"Core/Src/main.d" -MT"Core/Src/main.o" --specs=nano.specs -mfpu=fpv4-sp-d16 -mfloat-abi=hard -mthumb -o "Core/Src/main.o"
../Core/Src/main.c: In function 'HAL_GPIO_EXTI_Callback':
../Core/Src/main.c:400:32: error: expected expression before '==' token
  400 |  if(GPIOE->IDR & GPIO_IDR_ID1) == 0)
      |                                ^~
../Core/Src/main.c:400:2: warning: this 'if' clause does not guard... [-Wmisleading-indentation]
  400 |  if(GPIOE->IDR & GPIO_IDR_ID1) == 0)
      |  ^~
../Core/Src/main.c:400:36: note: ...this statement, but the latter is misleadingly indented as if it were guarded by the 'if'
  400 |  if(GPIOE->IDR & GPIO_IDR_ID1) == 0)
      |                                    ^
../Core/Src/main.c:400:36: error: expected statement before ')' token
make: *** [Core/Src/subdir.mk:40: Core/Src/main.o] Error 1
"make -j4 all" terminated with exit code 2. Build might be incomplete.
15:52:10 **** Incremental Build of configuration Debug for project weather_measurement ****
make -j4 all 
arm-none-eabi-gcc "../Core/Src/main.c" -mcpu=cortex-m4 -std=gnu11 -g3 -DDEBUG -DUSE_HAL_DRIVER -DSTM32F407xx -c -I../Core/Inc -I../Drivers/STM32F4xx_HAL_Driver/Inc -I../Drivers/STM32F4xx_HAL_Driver/Inc/Legacy -I../Drivers/CMSIS/Device/ST/STM32F4xx/Include -I../Drivers/CMSIS/Include -O0 -ffunction-sections -fdata-sections -Wall -fstack-usage -fcyclomatic-complexity -MMD -MP -MF"Core/Src/main.d" -MT"Core/Src/main.o" --specs=nano.specs -mfpu=fpv4-sp-d16 -mfloat-abi=hard -mthumb -o "Core/Src/main.o"
../Core/Src/main.c: In function 'HAL_GPIO_EXTI_Callback':
../Core/Src/main.c:400:32: error: expected expression before '==' token
  400 |  if(GPIOE->IDR & GPIO_IDR_ID1) == 0)
      |                                ^~
../Core/Src/main.c:400:2: warning: this 'if' clause does not guard... [-Wmisleading-indentation]
  400 |  if(GPIOE->IDR & GPIO_IDR_ID1) == 0)
      |  ^~
../Core/Src/main.c:400:36: note: ...this statement, but the latter is misleadingly indented as if it were guarded by the 'if'
  400 |  if(GPIOE->IDR & GPIO_IDR_ID1) == 0)
      |                                    ^
../Core/Src/main.c:400:36: error: expected statement before ')' token
make: *** [Core/Src/subdir.mk:40: Core/Src/main.o] Error 1
"make -j4 all" terminated with exit code 2. Build might be incomplete.
15:52:19 **** Incremental Build of configuration Debug for project weather_measurement ****
make -j4 all 
arm-none-eabi-gcc "../Core/Src/main.c" -mcpu=cortex-m4 -std=gnu11 -g3 -DDEBUG -DUSE_HAL_DRIVER -DSTM32F407xx -c -I../Core/Inc -I../Drivers/STM32F4xx_HAL_Driver/Inc -I../Drivers/STM32F4xx_HAL_Driver/Inc/Legacy -I../Drivers/CMSIS/Device/ST/STM32F4xx/Include -I../Drivers/CMSIS/Include -O0 -ffunction-sections -fdata-sections -Wall -fstack-usage -fcyclomatic-complexity -MMD -MP -MF"Core/Src/main.d" -MT"Core/Src/main.o" --specs=nano.specs -mfpu=fpv4-sp-d16 -mfloat-abi=hard -mthumb -o "Core/Src/main.o"
arm-none-eabi-gcc -o "weather_measurement.elf" @"objects.list"   -mcpu=cortex-m4 -T"C:\Users\LENOVO\Desktop\weather_station_ifttt\weather_measurement\STM32F407VGTX_FLASH.ld" --specs=nosys.specs -Wl,-Map="weather_measurement.map" -Wl,--gc-sections -static --specs=nano.specs -mfpu=fpv4-sp-d16 -mfloat-abi=hard -mthumb -u _printf_float -u _scanf_float -Wl,--start-group -lc -lm -Wl,--end-group
Finished building target: weather_measurement.elf
 
arm-none-eabi-size   weather_measurement.elf 
arm-none-eabi-objdump -h -S  weather_measurement.elf  > "weather_measurement.list"
   text	   data	    bss	    dec	    hex	filename
  40892	    488	   2008	  43388	   a97c	weather_measurement.elf
Finished building: default.size.stdout
 
Finished building: weather_measurement.list
 
15:54:43 **** Incremental Build of configuration Debug for project weather_measurement ****
make -j4 all 
arm-none-eabi-gcc "../Core/Src/main.c" -mcpu=cortex-m4 -std=gnu11 -g3 -DDEBUG -DUSE_HAL_DRIVER -DSTM32F407xx -c -I../Core/Inc -I../Drivers/STM32F4xx_HAL_Driver/Inc -I../Drivers/STM32F4xx_HAL_Driver/Inc/Legacy -I../Drivers/CMSIS/Device/ST/STM32F4xx/Include -I../Drivers/CMSIS/Include -O0 -ffunction-sections -fdata-sections -Wall -fstack-usage -fcyclomatic-complexity -MMD -MP -MF"Core/Src/main.d" -MT"Core/Src/main.o" --specs=nano.specs -mfpu=fpv4-sp-d16 -mfloat-abi=hard -mthumb -o "Core/Src/main.o"
arm-none-eabi-gcc -o "weather_measurement.elf" @"objects.list"   -mcpu=cortex-m4 -T"C:\Users\LENOVO\Desktop\weather_station_ifttt\weather_measurement\STM32F407VGTX_FLASH.ld" --specs=nosys.specs -Wl,-Map="weather_measurement.map" -Wl,--gc-sections -static --specs=nano.specs -mfpu=fpv4-sp-d16 -mfloat-abi=hard -mthumb -u _printf_float -u _scanf_float -Wl,--start-group -lc -lm -Wl,--end-group
Finished building target: weather_measurement.elf
 
arm-none-eabi-size   weather_measurement.elf 
arm-none-eabi-objdump -h -S  weather_measurement.elf  > "weather_measurement.list"
   text	   data	    bss	    dec	    hex	filename
  40884	    488	   2008	  43380	   a974	weather_measurement.elf
Finished building: default.size.stdout
 
Finished building: weather_measurement.list
 
15:54:57 **** Incremental Build of configuration Debug for project weather_measurement ****
make -j4 all 
arm-none-eabi-gcc "../Core/Src/main.c" -mcpu=cortex-m4 -std=gnu11 -g3 -DDEBUG -DUSE_HAL_DRIVER -DSTM32F407xx -c -I../Core/Inc -I../Drivers/STM32F4xx_HAL_Driver/Inc -I../Drivers/STM32F4xx_HAL_Driver/Inc/Legacy -I../Drivers/CMSIS/Device/ST/STM32F4xx/Include -I../Drivers/CMSIS/Include -O0 -ffunction-sections -fdata-sections -Wall -fstack-usage -fcyclomatic-complexity -MMD -MP -MF"Core/Src/main.d" -MT"Core/Src/main.o" --specs=nano.specs -mfpu=fpv4-sp-d16 -mfloat-abi=hard -mthumb -o "Core/Src/main.o"
arm-none-eabi-gcc -o "weather_measurement.elf" @"objects.list"   -mcpu=cortex-m4 -T"C:\Users\LENOVO\Desktop\weather_station_ifttt\weather_measurement\STM32F407VGTX_FLASH.ld" --specs=nosys.specs -Wl,-Map="weather_measurement.map" -Wl,--gc-sections -static --specs=nano.specs -mfpu=fpv4-sp-d16 -mfloat-abi=hard -mthumb -u _printf_float -u _scanf_float -Wl,--start-group -lc -lm -Wl,--end-group
Finished building target: weather_measurement.elf
 
arm-none-eabi-size   weather_measurement.elf 
arm-none-eabi-objdump -h -S  weather_measurement.elf  > "weather_measurement.list"
   text	   data	    bss	    dec	    hex	filename
  40884	    488	   2008	  43380	   a974	weather_measurement.elf
Finished building: default.size.stdout
 
Finished building: weather_measurement.list
 
15:55:04 **** Incremental Build of configuration Debug for project weather_measurement ****
make -j4 all 
arm-none-eabi-size   weather_measurement.elf 
   text	   data	    bss	    dec	    hex	filename
  40884	    488	   2008	  43380	   a974	weather_measurement.elf
Finished building: default.size.stdout
 
15:59:06 **** Incremental Build of configuration Debug for project weather_measurement ****
make -j4 all 
arm-none-eabi-gcc "../Core/Src/main.c" -mcpu=cortex-m4 -std=gnu11 -g3 -DDEBUG -DUSE_HAL_DRIVER -DSTM32F407xx -c -I../Core/Inc -I../Drivers/STM32F4xx_HAL_Driver/Inc -I../Drivers/STM32F4xx_HAL_Driver/Inc/Legacy -I../Drivers/CMSIS/Device/ST/STM32F4xx/Include -I../Drivers/CMSIS/Include -O0 -ffunction-sections -fdata-sections -Wall -fstack-usage -fcyclomatic-complexity -MMD -MP -MF"Core/Src/main.d" -MT"Core/Src/main.o" --specs=nano.specs -mfpu=fpv4-sp-d16 -mfloat-abi=hard -mthumb -o "Core/Src/main.o"
arm-none-eabi-gcc -o "weather_measurement.elf" @"objects.list"   -mcpu=cortex-m4 -T"C:\Users\LENOVO\Desktop\weather_station_ifttt\weather_measurement\STM32F407VGTX_FLASH.ld" --specs=nosys.specs -Wl,-Map="weather_measurement.map" -Wl,--gc-sections -static --specs=nano.specs -mfpu=fpv4-sp-d16 -mfloat-abi=hard -mthumb -u _printf_float -u _scanf_float -Wl,--start-group -lc -lm -Wl,--end-group
Finished building target: weather_measurement.elf
 
arm-none-eabi-size   weather_measurement.elf 
arm-none-eabi-objdump -h -S  weather_measurement.elf  > "weather_measurement.list"
   text	   data	    bss	    dec	    hex	filename
  41116	    488	   2008	  43612	   aa5c	weather_measurement.elf
Finished building: default.size.stdout
 
Finished building: weather_measurement.list
 
15:59:10 **** Incremental Build of configuration Debug for project weather_measurement ****
make -j4 all 
arm-none-eabi-size   weather_measurement.elf 
   text	   data	    bss	    dec	    hex	filename
  41116	    488	   2008	  43612	   aa5c	weather_measurement.elf
Finished building: default.size.stdout
 
16:05:26 **** Incremental Build of configuration Debug for project weather_measurement ****
make -j4 all 
arm-none-eabi-gcc "../Core/Src/main.c" -mcpu=cortex-m4 -std=gnu11 -g3 -DDEBUG -DUSE_HAL_DRIVER -DSTM32F407xx -c -I../Core/Inc -I../Drivers/STM32F4xx_HAL_Driver/Inc -I../Drivers/STM32F4xx_HAL_Driver/Inc/Legacy -I../Drivers/CMSIS/Device/ST/STM32F4xx/Include -I../Drivers/CMSIS/Include -O0 -ffunction-sections -fdata-sections -Wall -fstack-usage -fcyclomatic-complexity -MMD -MP -MF"Core/Src/main.d" -MT"Core/Src/main.o" --specs=nano.specs -mfpu=fpv4-sp-d16 -mfloat-abi=hard -mthumb -o "Core/Src/main.o"
arm-none-eabi-gcc -o "weather_measurement.elf" @"objects.list"   -mcpu=cortex-m4 -T"C:\Users\LENOVO\Desktop\weather_station_ifttt\weather_measurement\STM32F407VGTX_FLASH.ld" --specs=nosys.specs -Wl,-Map="weather_measurement.map" -Wl,--gc-sections -static --specs=nano.specs -mfpu=fpv4-sp-d16 -mfloat-abi=hard -mthumb -u _printf_float -u _scanf_float -Wl,--start-group -lc -lm -Wl,--end-group
Finished building target: weather_measurement.elf
 
arm-none-eabi-size   weather_measurement.elf 
arm-none-eabi-objdump -h -S  weather_measurement.elf  > "weather_measurement.list"
   text	   data	    bss	    dec	    hex	filename
  41116	    488	   2008	  43612	   aa5c	weather_measurement.elf
Finished building: default.size.stdout
 
Finished building: weather_measurement.list
 
16:05:30 **** Incremental Build of configuration Debug for project weather_measurement ****
make -j4 all 
arm-none-eabi-size   weather_measurement.elf 
   text	   data	    bss	    dec	    hex	filename
  41116	    488	   2008	  43612	   aa5c	weather_measurement.elf
Finished building: default.size.stdout
 
